Archive member included because of file (symbol)

c:/software/altera/10.1/nios2eds/bin/gnu/h-i686-mingw32/bin/../lib/gcc/nios2-elf/4.1.2/mno-hw-mul\libgcc.a(lib2-divmod.o)
                              obj/ece224_egm.o (__divsi3)
c:/software/altera/10.1/nios2eds/bin/gnu/h-i686-mingw32/bin/../lib/gcc/nios2-elf/4.1.2/mno-hw-mul\libgcc.a(lib2-mul.o)
                              obj/ece224_egm.o (__mulsi3)
c:/software/altera/10.1/nios2eds/bin/gnu/h-i686-mingw32/bin/../lib/gcc/nios2-elf/4.1.2/../../../../nios2-elf/lib/mno-hw-mul\libc.a(lib_a-fclose.o)
                              obj/board_diag.o (fclose)
c:/software/altera/10.1/nios2eds/bin/gnu/h-i686-mingw32/bin/../lib/gcc/nios2-elf/4.1.2/../../../../nios2-elf/lib/mno-hw-mul\libc.a(lib_a-fflush.o)
                              c:/software/altera/10.1/nios2eds/bin/gnu/h-i686-mingw32/bin/../lib/gcc/nios2-elf/4.1.2/../../../../nios2-elf/lib/mno-hw-mul\libc.a(lib_a-fclose.o) (_fflush_r)
c:/software/altera/10.1/nios2eds/bin/gnu/h-i686-mingw32/bin/../lib/gcc/nios2-elf/4.1.2/../../../../nios2-elf/lib/mno-hw-mul\libc.a(lib_a-findfp.o)
                              c:/software/altera/10.1/nios2eds/bin/gnu/h-i686-mingw32/bin/../lib/gcc/nios2-elf/4.1.2/../../../../nios2-elf/lib/mno-hw-mul\libc.a(lib_a-fclose.o) (__sfp_lock_acquire)
c:/software/altera/10.1/nios2eds/bin/gnu/h-i686-mingw32/bin/../lib/gcc/nios2-elf/4.1.2/../../../../nios2-elf/lib/mno-hw-mul\libc.a(lib_a-fopen.o)
                              obj/board_diag.o (fopen)
c:/software/altera/10.1/nios2eds/bin/gnu/h-i686-mingw32/bin/../lib/gcc/nios2-elf/4.1.2/../../../../nios2-elf/lib/mno-hw-mul\libc.a(lib_a-fprintf.o)
                              obj/board_diag.o (fprintf)
c:/software/altera/10.1/nios2eds/bin/gnu/h-i686-mingw32/bin/../lib/gcc/nios2-elf/4.1.2/../../../../nios2-elf/lib/mno-hw-mul\libc.a(lib_a-freer.o)
                              c:/software/altera/10.1/nios2eds/bin/gnu/h-i686-mingw32/bin/../lib/gcc/nios2-elf/4.1.2/../../../../nios2-elf/lib/mno-hw-mul\libc.a(lib_a-fclose.o) (_free_r)
c:/software/altera/10.1/nios2eds/bin/gnu/h-i686-mingw32/bin/../lib/gcc/nios2-elf/4.1.2/../../../../nios2-elf/lib/mno-hw-mul\libc.a(lib_a-fseek.o)
                              c:/software/altera/10.1/nios2eds/bin/gnu/h-i686-mingw32/bin/../lib/gcc/nios2-elf/4.1.2/../../../../nios2-elf/lib/mno-hw-mul\libc.a(lib_a-fopen.o) (_fseek_r)
c:/software/altera/10.1/nios2eds/bin/gnu/h-i686-mingw32/bin/../lib/gcc/nios2-elf/4.1.2/../../../../nios2-elf/lib/mno-hw-mul\libc.a(lib_a-fstatr.o)
                              c:/software/altera/10.1/nios2eds/bin/gnu/h-i686-mingw32/bin/../lib/gcc/nios2-elf/4.1.2/../../../../nios2-elf/lib/mno-hw-mul\libc.a(lib_a-fseek.o) (_fstat_r)
c:/software/altera/10.1/nios2eds/bin/gnu/h-i686-mingw32/bin/../lib/gcc/nios2-elf/4.1.2/../../../../nios2-elf/lib/mno-hw-mul\libc.a(lib_a-fwalk.o)
                              c:/software/altera/10.1/nios2eds/bin/gnu/h-i686-mingw32/bin/../lib/gcc/nios2-elf/4.1.2/../../../../nios2-elf/lib/mno-hw-mul\libc.a(lib_a-fflush.o) (_fwalk_reent)
c:/software/altera/10.1/nios2eds/bin/gnu/h-i686-mingw32/bin/../lib/gcc/nios2-elf/4.1.2/../../../../nios2-elf/lib/mno-hw-mul\libc.a(lib_a-fwrite.o)
                              obj/board_diag.o (fwrite)
c:/software/altera/10.1/nios2eds/bin/gnu/h-i686-mingw32/bin/../lib/gcc/nios2-elf/4.1.2/../../../../nios2-elf/lib/mno-hw-mul\libc.a(lib_a-getc.o)
                              obj/board_diag.o (getc)
c:/software/altera/10.1/nios2eds/bin/gnu/h-i686-mingw32/bin/../lib/gcc/nios2-elf/4.1.2/../../../../nios2-elf/lib/mno-hw-mul\libc.a(lib_a-impure.o)
                              obj/board_diag.o (_impure_ptr)
c:/software/altera/10.1/nios2eds/bin/gnu/h-i686-mingw32/bin/../lib/gcc/nios2-elf/4.1.2/../../../../nios2-elf/lib/mno-hw-mul\libc.a(lib_a-int_errno.o)
                              c:/software/altera/10.1/nios2eds/bin/gnu/h-i686-mingw32/bin/../lib/gcc/nios2-elf/4.1.2/../../../../nios2-elf/lib/mno-hw-mul\libc.a(lib_a-fstatr.o) (errno)
c:/software/altera/10.1/nios2eds/bin/gnu/h-i686-mingw32/bin/../lib/gcc/nios2-elf/4.1.2/../../../../nios2-elf/lib/mno-hw-mul\libc.a(lib_a-makebuf.o)
                              c:/software/altera/10.1/nios2eds/bin/gnu/h-i686-mingw32/bin/../lib/gcc/nios2-elf/4.1.2/../../../../nios2-elf/lib/mno-hw-mul\libc.a(lib_a-fseek.o) (__smakebuf_r)
c:/software/altera/10.1/nios2eds/bin/gnu/h-i686-mingw32/bin/../lib/gcc/nios2-elf/4.1.2/../../../../nios2-elf/lib/mno-hw-mul\libc.a(lib_a-mallocr.o)
                              c:/software/altera/10.1/nios2eds/bin/gnu/h-i686-mingw32/bin/../lib/gcc/nios2-elf/4.1.2/../../../../nios2-elf/lib/mno-hw-mul\libc.a(lib_a-findfp.o) (_malloc_r)
c:/software/altera/10.1/nios2eds/bin/gnu/h-i686-mingw32/bin/../lib/gcc/nios2-elf/4.1.2/../../../../nios2-elf/lib/mno-hw-mul\libc.a(lib_a-memset.o)
                              c:/software/altera/10.1/nios2eds/bin/gnu/h-i686-mingw32/bin/../lib/gcc/nios2-elf/4.1.2/../../../../nios2-elf/lib/mno-hw-mul\libc.a(lib_a-findfp.o) (memset)
[...]
Memory Configuration

Name             Origin             Length             Attributes
reset            0x00800000         0x00000020
sdram_0          0x00800020         0x007fffe0
*default*        0x00000000         0xffffffff

Linker script and memory map

LOAD ../lab1_bsp/obj/HAL/src/crt0.o
LOAD obj/board_diag.o
LOAD obj/ece224_egm.o
LOAD obj/lab1_phase1.o
LOAD obj/lab1_phase2.o
LOAD c:/software/altera/10.1/nios2eds/bin/gnu/h-i686-mingw32/bin/../lib/gcc/nios2-elf/4.1.2/../../../../nios2-elf/lib/mno-hw-mul\libstdc++.a
LOAD c:/software/altera/10.1/nios2eds/bin/gnu/h-i686-mingw32/bin/../lib/gcc/nios2-elf/4.1.2/../../../../nios2-elf/lib/mno-hw-mul\libm.a
LOAD c:/software/altera/10.1/nios2eds/bin/gnu/h-i686-mingw32/bin/../lib/gcc/nios2-elf/4.1.2/mno-hw-mul\libgcc.a
START GROUP
LOAD c:/software/altera/10.1/nios2eds/bin/gnu/h-i686-mingw32/bin/../lib/gcc/nios2-elf/4.1.2/../../../../nios2-elf/lib/mno-hw-mul\libc.a
LOAD c:/software/altera/10.1/nios2eds/bin/gnu/h-i686-mingw32/bin/../lib/gcc/nios2-elf/4.1.2/mno-hw-mul\libgcc.a
LOAD ../lab1_bsp\libhal_bsp.a
END GROUP
LOAD c:/software/altera/10.1/nios2eds/bin/gnu/h-i686-mingw32/bin/../lib/gcc/nios2-elf/4.1.2/mno-hw-mul\libgcc.a
                0x00800000                __alt_mem_sdram_0 = 0x800000

.entry          0x00800000       0x20
 *(.entry)
 .entry         0x00800000       0x20 ../lab1_bsp/obj/HAL/src/crt0.o
                0x00800000                __reset

.exceptions     0x00800020      0x194
                0x00800020                PROVIDE (__ram_exceptions_start, ABSOLUTE (.))
                0x00800020                . = ALIGN (0x20)
 *(.irq)
 *(.exceptions.entry.label)
 .exceptions.entry.label
                0x00800020        0x0 ../lab1_bsp\libhal_bsp.a(alt_irq_entry.o)
                0x00800020                alt_irq_entry
 .exceptions.entry.label
                0x00800020        0x0 ../lab1_bsp\libhal_bsp.a(alt_exception_entry.o)
                0x00800020                alt_exception
 *(.exceptions.entry.user)
 *(.exceptions.entry)
 .exceptions.entry
                0x00800020       0x54 ../lab1_bsp\libhal_bsp.a(alt_exception_entry.o)
 *(.exceptions.irqtest.user)
 *(.exceptions.irqtest)
 .exceptions.irqtest
                0x00800074       0x10 ../lab1_bsp\libhal_bsp.a(alt_irq_entry.o)
 *(.exceptions.irqhandler.user)
 *(.exceptions.irqhandler)
 .exceptions.irqhandler
                0x00800084        0x4 ../lab1_bsp\libhal_bsp.a(alt_irq_entry.o)
 *(.exceptions.irqreturn.user)
 *(.exceptions.irqreturn)
 .exceptions.irqreturn
                0x00800088        0x4 ../lab1_bsp\libhal_bsp.a(alt_irq_entry.o)
 *(.exceptions.notirq.label)
 .exceptions.notirq.label
                0x0080008c        0x0 ../lab1_bsp\libhal_bsp.a(alt_irq_entry.o)
 *(.exceptions.notirq.user)
 *(.exceptions.notirq)
 .exceptions.notirq
                0x0080008c        0x8 ../lab1_bsp\libhal_bsp.a(alt_exception_entry.o)
 *(.exceptions.soft.user)
 *(.exceptions.soft)
 *(.exceptions.unknown.user)
 *(.exceptions.unknown)
 .exceptions.unknown
                0x00800094        0x4 ../lab1_bsp\libhal_bsp.a(alt_exception_entry.o)
 *(.exceptions.exit.label)
 .exceptions.exit.label
                0x00800098        0x0 ../lab1_bsp\libhal_bsp.a(alt_irq_entry.o)
 .exceptions.exit.label
                0x00800098        0x0 ../lab1_bsp\libhal_bsp.a(alt_exception_entry.o)
 *(.exceptions.exit.user)
 *(.exceptions.exit)
 .exceptions.exit
                0x00800098       0x54 ../lab1_bsp\libhal_bsp.a(alt_exception_entry.o)
 *(.exceptions)
 .exceptions    0x008000ec       0xc8 ../lab1_bsp\libhal_bsp.a(alt_irq_handler.o)
                0x008000ec                alt_irq_handler
                0x008001b4                PROVIDE (__ram_exceptions_end, ABSOLUTE (.))
                0x00800020                PROVIDE (__flash_exceptions_start, LOADADDR (.exceptions))

.text           0x008001b4    0x14768
                0x008001b4                PROVIDE (stext, ABSOLUTE (.))
 *(.interp)
 *(.hash)
 *(.dynsym)
 *(.dynstr)
 *(.gnu.version)
 *(.gnu.version_d)
 *(.gnu.version_r)
 *(.rel.init)
 *(.rela.init)
 *(.rel.text .rel.text.* .rel.gnu.linkonce.t.*)
 *(.rela.text .rela.text.* .rela.gnu.linkonce.t.*)
 *(.rel.fini)
 *(.rela.fini)
 *(.rel.rodata .rel.rodata.* .rel.gnu.linkonce.r.*)
 *(.rela.rodata .rela.rodata.* .rela.gnu.linkonce.r.*)
 *(.rel.data .rel.data.* .rel.gnu.linkonce.d.*)
 *(.rela.data .rela.data.* .rela.gnu.linkonce.d.*)
 *(.rel.tdata .rel.tdata.* .rel.gnu.linkonce.td.*)
 *(.rela.tdata .rela.tdata.* .rela.gnu.linkonce.td.*)
 *(.rel.tbss .rel.tbss.* .rel.gnu.linkonce.tb.*)
 *(.rela.tbss .rela.tbss.* .rela.gnu.linkonce.tb.*)
 *(.rel.ctors)
 *(.rela.ctors)
 *(.rel.dtors)
 *(.rela.dtors)
 *(.rel.got)
 *(.rela.got)
 *(.rel.sdata .rel.sdata.* .rel.gnu.linkonce.s.*)
 *(.rela.sdata .rela.sdata.* .rela.gnu.linkonce.s.*)
 *(.rel.sbss .rel.sbss.* .rel.gnu.linkonce.sb.*)
 *(.rela.sbss .rela.sbss.* .rela.gnu.linkonce.sb.*)
 *(.rel.sdata2 .rel.sdata2.* .rel.gnu.linkonce.s2.*)
 *(.rela.sdata2 .rela.sdata2.* .rela.gnu.linkonce.s2.*)
 *(.rel.sbss2 .rel.sbss2.* .rel.gnu.linkonce.sb2.*)
 *(.rela.sbss2 .rela.sbss2.* .rela.gnu.linkonce.sb2.*)
 *(.rel.bss .rel.bss.* .rel.gnu.linkonce.b.*)
 *(.rela.bss .rela.bss.* .rela.gnu.linkonce.b.*)
 *(.rel.plt)
 *(.rela.plt)
 *(.rel.dyn)
 *(.init)
 *(.plt)
 *(.text .stub .text.* .gnu.linkonce.t.*)
 .text          0x008001b4       0x3c ../lab1_bsp/obj/HAL/src/crt0.o
                0x008001b4                _start
 .text          0x008001f0      0x7bc obj/board_diag.o
                0x00800298                GetInputString
 .text          0x008009ac      0x2f8 obj/ece224_egm.o
                0x008009ac                init
                0x00800b2c                finalize
                0x00800c24                background
 .text          0x00800ca4      0x2b0 obj/lab1_phase1.o
 .text          0x00800f54      0x14c obj/lab1_phase2.o
                0x00800ffc                main
 .text          0x008010a0      0x14c c:/software/altera/10.1/nios2eds/bin/gnu/h-i686-mingw32/bin/../lib/gcc/nios2-elf/4.1.2/mno-hw-mul\libgcc.a(lib2-divmod.o)
                0x0080111c                __divsi3
                0x0080117c                __modsi3
                0x008011dc                __udivsi3
                0x008011e4                __umodsi3
 .text          0x008011ec       0x38 c:/software/altera/10.1/nios2eds/bin/gnu/h-i686-mingw32/bin/../lib/gcc/nios2-elf/4.1.2/mno-hw-mul\libgcc.a(lib2-mul.o)
                0x008011ec                __mulsi3
 .text          0x00801224      0x124 c:/software/altera/10.1/nios2eds/bin/gnu/h-i686-mingw32/bin/../lib/gcc/nios2-elf/4.1.2/../../../../nios2-elf/lib/mno-hw-mul\libc.a(lib_a-fclose.o)
                0x00801224                _fclose_r
                0x00801334                fclose
 .text          0x00801348      0x230 c:/software/altera/10.1/nios2eds/bin/gnu/h-i686-mingw32/bin/../lib/gcc/nios2-elf/4.1.2/../../../../nios2-elf/lib/mno-hw-mul\libc.a(lib_a-fflush.o)
                0x00801348                _fflush_r
                0x00801544                fflush
 .text          0x00801578      0x2f4 c:/software/altera/10.1/nios2eds/bin/gnu/h-i686-mingw32/bin/../lib/gcc/nios2-elf/4.1.2/../../../../nios2-elf/lib/mno-hw-mul\libc.a(lib_a-findfp.o)
                0x008015d0                __sfp_lock_acquire
                0x008015d4                __sfp_lock_release
                0x008015d8                __sinit_lock_acquire
                0x008015dc                __sinit_lock_release
                0x008015e0                __sinit
                0x00801694                __fp_unlock_all
                0x008016ac                __fp_lock_all
                0x008016c4                _cleanup_r
                0x008016d0                _cleanup
                0x008016e0                __sfmoreglue
                0x0080177c                __sfp
 .text          0x0080186c      0x110 c:/software/altera/10.1/nios2eds/bin/gnu/h-i686-mingw32/bin/../lib/gcc/nios2-elf/4.1.2/../../../../nios2-elf/lib/mno-hw-mul\libc.a(lib_a-fopen.o)
                0x0080186c                _fopen_r
                0x00801960                fopen
 .text          0x0080197c       0x60 c:/software/altera/10.1/nios2eds/bin/gnu/h-i686-mingw32/bin/../lib/gcc/nios2-elf/4.1.2/../../../../nios2-elf/lib/mno-hw-mul\libc.a(lib_a-fprintf.o)
                0x0080197c                fprintf
                0x008019a8                _fprintf_r
 .text          0x008019dc      0x440 c:/software/altera/10.1/nios2eds/bin/gnu/h-i686-mingw32/bin/../lib/gcc/nios2-elf/4.1.2/../../../../nios2-elf/lib/mno-hw-mul\libc.a(lib_a-freer.o)
                0x008019dc                _malloc_trim_r
                0x00801b08                _free_r
 .text          0x00801e1c      0x460 c:/software/altera/10.1/nios2eds/bin/gnu/h-i686-mingw32/bin/../lib/gcc/nios2-elf/4.1.2/../../../../nios2-elf/lib/mno-hw-mul\libc.a(lib_a-fseek.o)
                0x00801e1c                _fseek_r
                0x00802258                fseek
 .text          0x0080227c       0x74 c:/software/altera/10.1/nios2eds/bin/gnu/h-i686-mingw32/bin/../lib/gcc/nios2-elf/4.1.2/../../../../nios2-elf/lib/mno-hw-mul\libc.a(lib_a-fstatr.o)
                0x0080227c                _fstat_r
 .text          0x008022f0      0x180 c:/software/altera/10.1/nios2eds/bin/gnu/h-i686-mingw32/bin/../lib/gcc/nios2-elf/4.1.2/../../../../nios2-elf/lib/mno-hw-mul\libc.a(lib_a-fwalk.o)
                0x008022f0                _fwalk_reent
                0x008023b8                _fwalk
 .text          0x00802470       0xec c:/software/altera/10.1/nios2eds/bin/gnu/h-i686-mingw32/bin/../lib/gcc/nios2-elf/4.1.2/../../../../nios2-elf/lib/mno-hw-mul\libc.a(lib_a-fwrite.o)
                0x00802470                _fwrite_r
                0x0080251c                fwrite
 .text          0x0080255c      0x128 c:/software/altera/10.1/nios2eds/bin/gnu/h-i686-mingw32/bin/../lib/gcc/nios2-elf/4.1.2/../../../../nios2-elf/lib/mno-hw-mul\libc.a(lib_a-getc.o)
                0x0080255c                getc
                0x008025f4                _getc_r
 .text          0x00802684        0x0 c:/software/altera/10.1/nios2eds/bin/gnu/h-i686-mingw32/bin/../lib/gcc/nios2-elf/4.1.2/../../../../nios2-elf/lib/mno-hw-mul\libc.a(lib_a-impure.o)
 .text          0x00802684        0x0 c:/software/altera/10.1/nios2eds/bin/gnu/h-i686-mingw32/bin/../lib/gcc/nios2-elf/4.1.2/../../../../nios2-elf/lib/mno-hw-mul\libc.a(lib_a-int_errno.o)
 .text          0x00802684      0x194 c:/software/altera/10.1/nios2eds/bin/gnu/h-i686-mingw32/bin/../lib/gcc/nios2-elf/4.1.2/../../../../nios2-elf/lib/mno-hw-mul\libc.a(lib_a-makebuf.o)
                0x00802684                __smakebuf_r
 .text          0x00802818      0x740 c:/software/altera/10.1/nios2eds/bin/gnu/h-i686-mingw32/bin/../lib/gcc/nios2-elf/4.1.2/../../../../nios2-elf/lib/mno-hw-mul\libc.a(lib_a-mallocr.o)
                0x00802818                _malloc_r
 .text          0x00802f58       0x98 c:/software/altera/10.1/nios2eds/bin/gnu/h-i686-mingw32/bin/../lib/gcc/nios2-elf/4.1.2/../../../../nios2-elf/lib/mno-hw-mul\libc.a(lib_a-memset.o)
                0x00802f58                memset
 .text          0x00802ff0       0x78 c:/software/altera/10.1/nios2eds/bin/gnu/h-i686-mingw32/bin/../lib/gcc/nios2-elf/4.1.2/../../../../nios2-elf/lib/mno-hw-mul\libc.a(lib_a-openr.o)
                0x00802ff0                _open_r
 .text          0x00803068       0x78 c:/software/altera/10.1/nios2eds/bin/gnu/h-i686-mingw32/bin/../lib/gcc/nios2-elf/4.1.2/../../../../nios2-elf/lib/mno-hw-mul\libc.a(lib_a-printf.o)
                0x00803068                printf
                0x008030ac                _printf_r
 .text          0x008030e0       0xb4 c:/software/altera/10.1/nios2eds/bin/gnu/h-i686-mingw32/bin/../lib/gcc/nios2-elf/4.1.2/../../../../nios2-elf/lib/mno-hw-mul\libc.a(lib_a-puts.o)
                0x008030e0                _puts_r
                0x00803180                puts
 .text          0x00803194      0x1e0 c:/software/altera/10.1/nios2eds/bin/gnu/h-i686-mingw32/bin/../lib/gcc/nios2-elf/4.1.2/../../../../nios2-elf/lib/mno-hw-mul\libc.a(lib_a-refill.o)
                0x00803194                __srefill_r
 .text          0x00803374       0x60 c:/software/altera/10.1/nios2eds/bin/gnu/h-i686-mingw32/bin/../lib/gcc/nios2-elf/4.1.2/../../../../nios2-elf/lib/mno-hw-mul\libc.a(lib_a-rget.o)
                0x00803374                __srget_r
                0x008033c0                __srget
 .text          0x008033d4       0x70 c:/software/altera/10.1/nios2eds/bin/gnu/h-i686-mingw32/bin/../lib/gcc/nios2-elf/4.1.2/../../../../nios2-elf/lib/mno-hw-mul\libc.a(lib_a-sbrkr.o)
                0x008033d4                _sbrk_r
 .text          0x00803444      0x114 c:/software/altera/10.1/nios2eds/bin/gnu/h-i686-mingw32/bin/../lib/gcc/nios2-elf/4.1.2/../../../../nios2-elf/lib/mno-hw-mul\libc.a(lib_a-sscanf.o)
                0x0080344c                _sscanf_r
                0x008034d4                sscanf
 .text          0x00803558      0x14c c:/software/altera/10.1/nios2eds/bin/gnu/h-i686-mingw32/bin/../lib/gcc/nios2-elf/4.1.2/../../../../nios2-elf/lib/mno-hw-mul\libc.a(lib_a-stdio.o)
                0x00803558                __sclose
                0x00803560                __sseek
                0x008035c8                __swrite
                0x00803644                __sread
 .text          0x008036a4       0x74 c:/software/altera/10.1/nios2eds/bin/gnu/h-i686-mingw32/bin/../lib/gcc/nios2-elf/4.1.2/../../../../nios2-elf/lib/mno-hw-mul\libc.a(lib_a-strlen.o)
                0x008036a4                strlen
 .text          0x00803718     0x1f40 c:/software/altera/10.1/nios2eds/bin/gnu/h-i686-mingw32/bin/../lib/gcc/nios2-elf/4.1.2/../../../../nios2-elf/lib/mno-hw-mul\libc.a(lib_a-vfprintf.o)
                0x00803770                ___vfprintf_internal_r
                0x00805634                __vfprintf_internal
 .text          0x00805658     0x1788 c:/software/altera/10.1/nios2eds/bin/gnu/h-i686-mingw32/bin/../lib/gcc/nios2-elf/4.1.2/../../../../nios2-elf/lib/mno-hw-mul\libc.a(lib_a-vfscanf.o)
                0x00805658                __svfscanf_r
                0x00806ce0                __svfscanf
                0x00806d04                _vfscanf_r
                0x00806d6c                vfscanf
 .text          0x00806de0       0x78 c:/software/altera/10.1/nios2eds/bin/gnu/h-i686-mingw32/bin/../lib/gcc/nios2-elf/4.1.2/../../../../nios2-elf/lib/mno-hw-mul\libc.a(lib_a-writer.o)
                0x00806de0                _write_r
 .text          0x00806e58      0x13c c:/software/altera/10.1/nios2eds/bin/gnu/h-i686-mingw32/bin/../lib/gcc/nios2-elf/4.1.2/../../../../nios2-elf/lib/mno-hw-mul\libc.a(lib_a-wsetup.o)
                0x00806e58                __swsetup_r
 .text          0x00806f94       0x70 c:/software/altera/10.1/nios2eds/bin/gnu/h-i686-mingw32/bin/../lib/gcc/nios2-elf/4.1.2/../../../../nios2-elf/lib/mno-hw-mul\libc.a(lib_a-closer.o)
                0x00806f94                _close_r
 .text          0x00807004        0x0 c:/software/altera/10.1/nios2eds/bin/gnu/h-i686-mingw32/bin/../lib/gcc/nios2-elf/4.1.2/../../../../nios2-elf/lib/mno-hw-mul\libc.a(lib_a-ctype_.o)
 .text          0x00807004     0x17f8 c:/software/altera/10.1/nios2eds/bin/gnu/h-i686-mingw32/bin/../lib/gcc/nios2-elf/4.1.2/../../../../nios2-elf/lib/mno-hw-mul\libc.a(lib_a-dtoa.o)
                0x00807248                _dtoa_r
 .text          0x008087fc       0xa0 c:/software/altera/10.1/nios2eds/bin/gnu/h-i686-mingw32/bin/../lib/gcc/nios2-elf/4.1.2/../../../../nios2-elf/lib/mno-hw-mul\libc.a(lib_a-flags.o)
                0x008087fc                __sflags
 .text          0x0080889c      0x24c c:/software/altera/10.1/nios2eds/bin/gnu/h-i686-mingw32/bin/../lib/gcc/nios2-elf/4.1.2/../../../../nios2-elf/lib/mno-hw-mul\libc.a(lib_a-fread.o)
                0x0080889c                _fread_r
                0x00808aa8                fread
 .text          0x00808ae8      0x49c c:/software/altera/10.1/nios2eds/bin/gnu/h-i686-mingw32/bin/../lib/gcc/nios2-elf/4.1.2/../../../../nios2-elf/lib/mno-hw-mul\libc.a(lib_a-fvwrite.o)
                0x00808ae8                __sfvwrite_r
 .text          0x00808f84       0x70 c:/software/altera/10.1/nios2eds/bin/gnu/h-i686-mingw32/bin/../lib/gcc/nios2-elf/4.1.2/../../../../nios2-elf/lib/mno-hw-mul\libc.a(lib_a-isattyr.o)
                0x00808f84                _isatty_r
 .text          0x00808ff4       0x2c c:/software/altera/10.1/nios2eds/bin/gnu/h-i686-mingw32/bin/../lib/gcc/nios2-elf/4.1.2/../../../../nios2-elf/lib/mno-hw-mul\libc.a(lib_a-iswspace.o)
                0x00808ff4                iswspace
 .text          0x00809020       0xc4 c:/software/altera/10.1/nios2eds/bin/gnu/h-i686-mingw32/bin/../lib/gcc/nios2-elf/4.1.2/../../../../nios2-elf/lib/mno-hw-mul\libc.a(lib_a-locale.o)
                0x00809020                __locale_charset
                0x00809028                _localeconv_r
                0x00809034                localeconv
                0x00809044                _setlocale_r
                0x008090c8                setlocale
 .text          0x008090e4       0x78 c:/software/altera/10.1/nios2eds/bin/gnu/h-i686-mingw32/bin/../lib/gcc/nios2-elf/4.1.2/../../../../nios2-elf/lib/mno-hw-mul\libc.a(lib_a-lseekr.o)
                0x008090e4                _lseek_r
 .text          0x0080915c       0xc0 c:/software/altera/10.1/nios2eds/bin/gnu/h-i686-mingw32/bin/../lib/gcc/nios2-elf/4.1.2/../../../../nios2-elf/lib/mno-hw-mul\libc.a(lib_a-mbrtowc.o)
                0x0080915c                _mbrtowc_r
                0x008091dc                mbrtowc
 .text          0x0080921c       0x40 c:/software/altera/10.1/nios2eds/bin/gnu/h-i686-mingw32/bin/../lib/gcc/nios2-elf/4.1.2/../../../../nios2-elf/lib/mno-hw-mul\libc.a(lib_a-mbtowc_r.o)
                0x0080921c                _mbtowc_r
 .text          0x0080925c       0xe4 c:/software/altera/10.1/nios2eds/bin/gnu/h-i686-mingw32/bin/../lib/gcc/nios2-elf/4.1.2/../../../../nios2-elf/lib/mno-hw-mul\libc.a(lib_a-memchr.o)
                0x0080925c                memchr
 .text          0x00809340       0xa0 c:/software/altera/10.1/nios2eds/bin/gnu/h-i686-mingw32/bin/../lib/gcc/nios2-elf/4.1.2/../../../../nios2-elf/lib/mno-hw-mul\libc.a(lib_a-memcpy.o)
                0x00809340                memcpy
 .text          0x008093e0       0xe0 c:/software/altera/10.1/nios2eds/bin/gnu/h-i686-mingw32/bin/../lib/gcc/nios2-elf/4.1.2/../../../../nios2-elf/lib/mno-hw-mul\libc.a(lib_a-memmove.o)
                0x008093e0                memmove
 .text          0x008094c0     0x108c c:/software/altera/10.1/nios2eds/bin/gnu/h-i686-mingw32/bin/../lib/gcc/nios2-elf/4.1.2/../../../../nios2-elf/lib/mno-hw-mul\libc.a(lib_a-mprec.o)
                0x008094c0                _Bfree
                0x008094e8                __hi0bits
                0x00809558                __lo0bits
                0x0080961c                __mcmp
                0x0080967c                __ulp
                0x008096fc                __b2d
                0x0080981c                __ratio
                0x008098cc                _mprec_log10
                0x00809960                __copybits
                0x008099b8                __any_on
                0x00809a40                _Balloc
                0x00809afc                __d2b
                0x00809c78                __mdiff
                0x00809e04                __lshift
                0x00809f50                __multiply
                0x0080a1a4                __i2b
                0x0080a1e0                __multadd
                0x0080a30c                __pow5mult
                0x0080a42c                __s2b
 .text          0x0080a54c       0x78 c:/software/altera/10.1/nios2eds/bin/gnu/h-i686-mingw32/bin/../lib/gcc/nios2-elf/4.1.2/../../../../nios2-elf/lib/mno-hw-mul\libc.a(lib_a-readr.o)
                0x0080a54c                _read_r
 .text          0x0080a5c4      0x5f4 c:/software/altera/10.1/nios2eds/bin/gnu/h-i686-mingw32/bin/../lib/gcc/nios2-elf/4.1.2/../../../../nios2-elf/lib/mno-hw-mul\libc.a(lib_a-reallocr.o)
                0x0080a5c4                _realloc_r
 .text          0x0080abb8       0x40 c:/software/altera/10.1/nios2eds/bin/gnu/h-i686-mingw32/bin/../lib/gcc/nios2-elf/4.1.2/../../../../nios2-elf/lib/mno-hw-mul\libc.a(lib_a-s_isinfd.o)
                0x0080abb8                __isinfd
 .text          0x0080abf8       0x30 c:/software/altera/10.1/nios2eds/bin/gnu/h-i686-mingw32/bin/../lib/gcc/nios2-elf/4.1.2/../../../../nios2-elf/lib/mno-hw-mul\libc.a(lib_a-s_isnand.o)
                0x0080abf8                __isnand
 .text          0x0080ac28       0xc0 c:/software/altera/10.1/nios2eds/bin/gnu/h-i686-mingw32/bin/../lib/gcc/nios2-elf/4.1.2/../../../../nios2-elf/lib/mno-hw-mul\libc.a(lib_a-sccl.o)
                0x0080ac28                __sccl
 .text          0x0080ace8        0x8 c:/software/altera/10.1/nios2eds/bin/gnu/h-i686-mingw32/bin/../lib/gcc/nios2-elf/4.1.2/../../../../nios2-elf/lib/mno-hw-mul\libc.a(lib_a-sf_nan.o)
                0x0080ace8                nanf
 .text          0x0080acf0       0xd4 c:/software/altera/10.1/nios2eds/bin/gnu/h-i686-mingw32/bin/../lib/gcc/nios2-elf/4.1.2/../../../../nios2-elf/lib/mno-hw-mul\libc.a(lib_a-sprintf.o)
                0x0080acf0                sprintf
                0x0080ad64                _sprintf_r
 .text          0x0080adc4       0xbc c:/software/altera/10.1/nios2eds/bin/gnu/h-i686-mingw32/bin/../lib/gcc/nios2-elf/4.1.2/../../../../nios2-elf/lib/mno-hw-mul\libc.a(lib_a-strcmp.o)
                0x0080adc4                strcmp
 .text          0x0080ae80     0x1754 c:/software/altera/10.1/nios2eds/bin/gnu/h-i686-mingw32/bin/../lib/gcc/nios2-elf/4.1.2/../../../../nios2-elf/lib/mno-hw-mul\libc.a(lib_a-strtod.o)
                0x0080aec8                _strtod_r
                0x0080c494                strtof
                0x0080c5b8                strtod
 .text          0x0080c5d4      0x274 c:/software/altera/10.1/nios2eds/bin/gnu/h-i686-mingw32/bin/../lib/gcc/nios2-elf/4.1.2/../../../../nios2-elf/lib/mno-hw-mul\libc.a(lib_a-strtol.o)
                0x0080c5d4                _strtol_r
                0x0080c824                strtol
 .text          0x0080c848      0x318 c:/software/altera/10.1/nios2eds/bin/gnu/h-i686-mingw32/bin/../lib/gcc/nios2-elf/4.1.2/../../../../nios2-elf/lib/mno-hw-mul\libc.a(lib_a-strtoll_r.o)
                0x0080c848                _strtoll_r
 .text          0x0080cb60      0x264 c:/software/altera/10.1/nios2eds/bin/gnu/h-i686-mingw32/bin/../lib/gcc/nios2-elf/4.1.2/../../../../nios2-elf/lib/mno-hw-mul\libc.a(lib_a-strtoul.o)
                0x0080cb60                _strtoul_r
                0x0080cda0                strtoul
 .text          0x0080cdc4      0x2f0 c:/software/altera/10.1/nios2eds/bin/gnu/h-i686-mingw32/bin/../lib/gcc/nios2-elf/4.1.2/../../../../nios2-elf/lib/mno-hw-mul\libc.a(lib_a-strtoull_r.o)
                0x0080cdc4                _strtoull_r
 .text          0x0080d0b4      0x294 c:/software/altera/10.1/nios2eds/bin/gnu/h-i686-mingw32/bin/../lib/gcc/nios2-elf/4.1.2/../../../../nios2-elf/lib/mno-hw-mul\libc.a(lib_a-ungetc.o)
                0x0080d0b4                __submore
                0x0080d190                _ungetc_r
                0x0080d32c                ungetc
 .text          0x0080d348       0xc8 c:/software/altera/10.1/nios2eds/bin/gnu/h-i686-mingw32/bin/../lib/gcc/nios2-elf/4.1.2/../../../../nios2-elf/lib/mno-hw-mul\libc.a(lib_a-callocr.o)
                0x0080d348                _calloc_r
 .text          0x0080d410      0x938 c:/software/altera/10.1/nios2eds/bin/gnu/h-i686-mingw32/bin/../lib/gcc/nios2-elf/4.1.2/../../../../nios2-elf/lib/mno-hw-mul\libc.a(lib_a-gdtoa-gethex.o)
                0x0080d434                __hexdig_init
                0x0080d54c                __gethex
 .text          0x0080dd48      0x294 c:/software/altera/10.1/nios2eds/bin/gnu/h-i686-mingw32/bin/../lib/gcc/nios2-elf/4.1.2/../../../../nios2-elf/lib/mno-hw-mul\libc.a(lib_a-gdtoa-hexnan.o)
                0x0080dd94                __hexnan
 .text          0x0080dfdc      0x124 c:/software/altera/10.1/nios2eds/bin/gnu/h-i686-mingw32/bin/../lib/gcc/nios2-elf/4.1.2/mno-hw-mul\libgcc.a(_muldi3.o)
                0x0080dfdc                __muldi3
 .text          0x0080e100       0xa4 c:/software/altera/10.1/nios2eds/bin/gnu/h-i686-mingw32/bin/../lib/gcc/nios2-elf/4.1.2/mno-hw-mul\libgcc.a(_fixunsdfsi.o)
                0x0080e100                __fixunsdfsi
 .text          0x0080e1a4      0x66c c:/software/altera/10.1/nios2eds/bin/gnu/h-i686-mingw32/bin/../lib/gcc/nios2-elf/4.1.2/mno-hw-mul\libgcc.a(_udivdi3.o)
                0x0080e1a4                __udivdi3
 .text          0x0080e810      0x660 c:/software/altera/10.1/nios2eds/bin/gnu/h-i686-mingw32/bin/../lib/gcc/nios2-elf/4.1.2/mno-hw-mul\libgcc.a(_umoddi3.o)
                0x0080e810                __umoddi3
 .text          0x0080ee70       0x78 c:/software/altera/10.1/nios2eds/bin/gnu/h-i686-mingw32/bin/../lib/gcc/nios2-elf/4.1.2/mno-hw-mul\libgcc.a(_ne_sf.o)
                0x0080ee70                __nesf2
 .text          0x0080eee8       0x78 c:/software/altera/10.1/nios2eds/bin/gnu/h-i686-mingw32/bin/../lib/gcc/nios2-elf/4.1.2/mno-hw-mul\libgcc.a(_gt_sf.o)
                0x0080eee8                __gtsf2
 .text          0x0080ef60       0x78 c:/software/altera/10.1/nios2eds/bin/gnu/h-i686-mingw32/bin/../lib/gcc/nios2-elf/4.1.2/mno-hw-mul\libgcc.a(_lt_sf.o)
                0x0080ef60                __ltsf2
 .text          0x0080efd8      0x504 c:/software/altera/10.1/nios2eds/bin/gnu/h-i686-mingw32/bin/../lib/gcc/nios2-elf/4.1.2/mno-hw-mul\libgcc.a(_addsub_df.o)
                0x0080f3e8                __subdf3
                0x0080f468                __adddf3
 .text          0x0080f4dc      0x3c4 c:/software/altera/10.1/nios2eds/bin/gnu/h-i686-mingw32/bin/../lib/gcc/nios2-elf/4.1.2/mno-hw-mul\libgcc.a(_mul_df.o)
                0x0080f4dc                __muldf3
 .text          0x0080f8a0      0x258 c:/software/altera/10.1/nios2eds/bin/gnu/h-i686-mingw32/bin/../lib/gcc/nios2-elf/4.1.2/mno-hw-mul\libgcc.a(_div_df.o)
                0x0080f8a0                __divdf3
 .text          0x0080faf8       0x88 c:/software/altera/10.1/nios2eds/bin/gnu/h-i686-mingw32/bin/../lib/gcc/nios2-elf/4.1.2/mno-hw-mul\libgcc.a(_eq_df.o)
                0x0080faf8                __eqdf2
 .text          0x0080fb80       0x88 c:/software/altera/10.1/nios2eds/bin/gnu/h-i686-mingw32/bin/../lib/gcc/nios2-elf/4.1.2/mno-hw-mul\libgcc.a(_ne_df.o)
                0x0080fb80                __nedf2
 .text          0x0080fc08       0x88 c:/software/altera/10.1/nios2eds/bin/gnu/h-i686-mingw32/bin/../lib/gcc/nios2-elf/4.1.2/mno-hw-mul\libgcc.a(_gt_df.o)
                0x0080fc08                __gtdf2
 .text          0x0080fc90       0x88 c:/software/altera/10.1/nios2eds/bin/gnu/h-i686-mingw32/bin/../lib/gcc/nios2-elf/4.1.2/mno-hw-mul\libgcc.a(_ge_df.o)
                0x0080fc90                __gedf2
 .text          0x0080fd18       0x88 c:/software/altera/10.1/nios2eds/bin/gnu/h-i686-mingw32/bin/../lib/gcc/nios2-elf/4.1.2/mno-hw-mul\libgcc.a(_lt_df.o)
                0x0080fd18                __ltdf2
 .text          0x0080fda0       0x88 c:/software/altera/10.1/nios2eds/bin/gnu/h-i686-mingw32/bin/../lib/gcc/nios2-elf/4.1.2/mno-hw-mul\libgcc.a(_le_df.o)
                0x0080fda0                __ledf2
 .text          0x0080fe28       0xf8 c:/software/altera/10.1/nios2eds/bin/gnu/h-i686-mingw32/bin/../lib/gcc/nios2-elf/4.1.2/mno-hw-mul\libgcc.a(_si_to_df.o)
                0x0080fe28                __floatsidf
 .text          0x0080ff20       0xd8 c:/software/altera/10.1/nios2eds/bin/gnu/h-i686-mingw32/bin/../lib/gcc/nios2-elf/4.1.2/mno-hw-mul\libgcc.a(_df_to_si.o)
                0x0080ff20                __fixdfsi
 .text          0x0080fff8       0x74 c:/software/altera/10.1/nios2eds/bin/gnu/h-i686-mingw32/bin/../lib/gcc/nios2-elf/4.1.2/mno-hw-mul\libgcc.a(_df_to_sf.o)
                0x0080fff8                __truncdfsf2
 .text          0x0081006c        0x0 c:/software/altera/10.1/nios2eds/bin/gnu/h-i686-mingw32/bin/../lib/gcc/nios2-elf/4.1.2/mno-hw-mul\libgcc.a(_thenan_df.o)
 .text          0x0081006c      0x194 c:/software/altera/10.1/nios2eds/bin/gnu/h-i686-mingw32/bin/../lib/gcc/nios2-elf/4.1.2/mno-hw-mul\libgcc.a(_usi_to_df.o)
                0x0081006c                __floatunsidf
 .text          0x00810200        0x0 c:/software/altera/10.1/nios2eds/bin/gnu/h-i686-mingw32/bin/../lib/gcc/nios2-elf/4.1.2/mno-hw-mul\libgcc.a(_clz.o)
 .text          0x00810200       0x80 c:/software/altera/10.1/nios2eds/bin/gnu/h-i686-mingw32/bin/../lib/gcc/nios2-elf/4.1.2/mno-hw-mul\libgcc.a(_clzsi2.o)
                0x00810200                __clzsi2
 .text          0x00810280       0xc8 c:/software/altera/10.1/nios2eds/bin/gnu/h-i686-mingw32/bin/../lib/gcc/nios2-elf/4.1.2/mno-hw-mul\libgcc.a(_unpack_sf.o)
                0x00810280                __unpack_f
 .text          0x00810348       0xa8 c:/software/altera/10.1/nios2eds/bin/gnu/h-i686-mingw32/bin/../lib/gcc/nios2-elf/4.1.2/mno-hw-mul\libgcc.a(_fpcmp_parts_sf.o)
                0x00810348                __fpcmp_parts_f
 .text          0x008103f0       0x2c c:/software/altera/10.1/nios2eds/bin/gnu/h-i686-mingw32/bin/../lib/gcc/nios2-elf/4.1.2/mno-hw-mul\libgcc.a(_make_sf.o)
                0x008103f0                __make_fp
 .text          0x0081041c      0x314 c:/software/altera/10.1/nios2eds/bin/gnu/h-i686-mingw32/bin/../lib/gcc/nios2-elf/4.1.2/mno-hw-mul\libgcc.a(_pack_df.o)
                0x0081041c                __pack_d
 .text          0x00810730      0x138 c:/software/altera/10.1/nios2eds/bin/gnu/h-i686-mingw32/bin/../lib/gcc/nios2-elf/4.1.2/mno-hw-mul\libgcc.a(_unpack_df.o)
                0x00810730                __unpack_d
 .text          0x00810868       0xc8 c:/software/altera/10.1/nios2eds/bin/gnu/h-i686-mingw32/bin/../lib/gcc/nios2-elf/4.1.2/mno-hw-mul\libgcc.a(_fpcmp_parts_df.o)
                0x00810868                __fpcmp_parts_d
 .text          0x00810930      0x160 c:/software/altera/10.1/nios2eds/bin/gnu/h-i686-mingw32/bin/../lib/gcc/nios2-elf/4.1.2/mno-hw-mul\libgcc.a(_pack_sf.o)
                0x00810930                __pack_f
 .text          0x00810a90      0x160 ../lab1_bsp\libhal_bsp.a(alt_close.o)
                0x00810a90                close
 .text          0x00810bf0       0x2c ../lab1_bsp\libhal_bsp.a(alt_dev.o)
 .text          0x00810c1c        0x0 ../lab1_bsp\libhal_bsp.a(alt_errno.o)
 .text          0x00810c1c      0x138 ../lab1_bsp\libhal_bsp.a(alt_fstat.o)
                0x00810c1c                fstat
 .text          0x00810d54      0x1d4 ../lab1_bsp\libhal_bsp.a(alt_iic.o)
                0x00810d54                alt_ic_isr_register
                0x00810da4                alt_ic_irq_enable
                0x00810e40                alt_ic_irq_disable
                0x00810ee0                alt_ic_irq_enabled
 .text          0x00810f28       0xf8 ../lab1_bsp\libhal_bsp.a(alt_iic_isr_register.o)
                0x00810f28                alt_iic_isr_register
 .text          0x00811020        0x0 ../lab1_bsp\libhal_bsp.a(alt_irq_entry.o)
 .text          0x00811020        0x0 ../lab1_bsp\libhal_bsp.a(alt_irq_handler.o)
 .text          0x00811020      0x1c0 ../lab1_bsp\libhal_bsp.a(alt_irq_register.o)
                0x00811020                alt_irq_register
 .text          0x008111e0        0x0 ../lab1_bsp\libhal_bsp.a(alt_irq_vars.o)
 .text          0x008111e0      0x124 ../lab1_bsp\libhal_bsp.a(alt_isatty.o)
                0x008111e0                isatty
 .text          0x00811304       0xec ../lab1_bsp\libhal_bsp.a(alt_load.o)
                0x00811304                alt_load
 .text          0x008113f0      0x154 ../lab1_bsp\libhal_bsp.a(alt_lseek.o)
                0x008113f0                lseek
 .text          0x00811544       0x6c ../lab1_bsp\libhal_bsp.a(alt_main.o)
                0x00811544                alt_main
 .text          0x008115b0       0x40 ../lab1_bsp\libhal_bsp.a(alt_malloc_lock.o)
                0x008115b0                __malloc_lock
                0x008115d0                __malloc_unlock
 .text          0x008115f0      0x2e4 ../lab1_bsp\libhal_bsp.a(alt_open.o)
                0x008116e8                open
 .text          0x008118d4      0x184 ../lab1_bsp\libhal_bsp.a(alt_read.o)
                0x008118d4                read
 .text          0x00811a58       0x78 ../lab1_bsp\libhal_bsp.a(alt_release_fd.o)
                0x00811a58                alt_release_fd
 .text          0x00811ad0       0xbc ../lab1_bsp\libhal_bsp.a(alt_sbrk.o)
                0x00811ad0                sbrk
 .text          0x00811b8c       0x30 ../lab1_bsp\libhal_bsp.a(alt_usleep.o)
                0x00811b8c                usleep
 .text          0x00811bbc      0x184 ../lab1_bsp\libhal_bsp.a(alt_write.o)
                0x00811bbc                write
 .text          0x00811d40       0xe0 ../lab1_bsp\libhal_bsp.a(alt_sys_init.o)
                0x00811d40                alt_irq_init
                0x00811d74                alt_sys_init
 .text          0x00811e20      0x148 ../lab1_bsp\libhal_bsp.a(altera_avalon_jtag_uart_fd.o)
                0x00811e20                altera_avalon_jtag_uart_read_fd
                0x00811e78                altera_avalon_jtag_uart_write_fd
                0x00811ed0                altera_avalon_jtag_uart_close_fd
                0x00811f18                altera_avalon_jtag_uart_ioctl_fd
 .text          0x00811f68      0x40c ../lab1_bsp\libhal_bsp.a(altera_avalon_jtag_uart_init.o)
                0x00811f68                altera_avalon_jtag_uart_init
                0x00812300                altera_avalon_jtag_uart_close
 .text          0x00812374       0xf4 ../lab1_bsp\libhal_bsp.a(altera_avalon_jtag_uart_ioctl.o)
                0x00812374                altera_avalon_jtag_uart_ioctl
 .text          0x00812468      0x224 ../lab1_bsp\libhal_bsp.a(altera_avalon_jtag_uart_read.o)
                0x00812468                altera_avalon_jtag_uart_read
 .text          0x0081268c      0x240 ../lab1_bsp\libhal_bsp.a(altera_avalon_jtag_uart_write.o)
                0x0081268c                altera_avalon_jtag_uart_write
 .text          0x008128cc      0xf80 ../lab1_bsp\libhal_bsp.a(altera_avalon_lcd_16207.o)
                0x00813108                altera_avalon_lcd_16207_write
                0x00813710                altera_avalon_lcd_16207_init
 .text          0x0081384c       0x58 ../lab1_bsp\libhal_bsp.a(altera_avalon_lcd_16207_fd.o)
                0x0081384c                altera_avalon_lcd_16207_write_fd
 .text          0x008138a4      0x100 ../lab1_bsp\libhal_bsp.a(altera_avalon_timer_sc.o)
                0x00813914                alt_avalon_timer_sc_init
 .text          0x008139a4      0x154 ../lab1_bsp\libhal_bsp.a(alt_alarm_start.o)
                0x008139a4                alt_alarm_start
 .text          0x00813af8      0x15c ../lab1_bsp\libhal_bsp.a(alt_busy_sleep.o)
                0x00813af8                alt_busy_sleep
 .text          0x00813c54       0x1c ../lab1_bsp\libhal_bsp.a(alt_dcache_flush_all.o)
                0x00813c54                alt_dcache_flush_all
 .text          0x00813c70      0x114 ../lab1_bsp\libhal_bsp.a(alt_dev_llist_insert.o)
                0x00813c70                alt_dev_llist_insert
 .text          0x00813d84       0x64 ../lab1_bsp\libhal_bsp.a(alt_do_ctors.o)
                0x00813d84                _do_ctors
 .text          0x00813de8       0x64 ../lab1_bsp\libhal_bsp.a(alt_do_dtors.o)
                0x00813de8                _do_dtors
 .text          0x00813e4c        0x0 ../lab1_bsp\libhal_bsp.a(alt_exception_entry.o)
 .text          0x00813e4c       0x94 ../lab1_bsp\libhal_bsp.a(alt_find_dev.o)
                0x00813e4c                alt_find_dev
 .text          0x00813ee0      0x120 ../lab1_bsp\libhal_bsp.a(alt_find_file.o)
                0x00813ee0                alt_find_file
 .text          0x00814000       0xd0 ../lab1_bsp\libhal_bsp.a(alt_get_fd.o)
                0x00814000                alt_get_fd
 .text          0x008140d0       0x30 ../lab1_bsp\libhal_bsp.a(alt_icache_flush_all.o)
                0x008140d0                alt_icache_flush_all
 .text          0x00814100      0x150 ../lab1_bsp\libhal_bsp.a(alt_io_redirect.o)
                0x008141d8                alt_io_redirect
 .text          0x00814250      0x1a4 ../lab1_bsp\libhal_bsp.a(alt_tick.o)
                0x00814250                alt_alarm_stop
                0x008142e8                alt_tick
 .text          0x008143f4       0x20 ../lab1_bsp\libhal_bsp.a(altera_nios2_irq.o)
                0x008143f4                altera_nios2_irq_init
 .text          0x00814414       0x90 ../lab1_bsp\libhal_bsp.a(alt_icache_flush.o)
                0x00814414                alt_icache_flush
 .text          0x008144a4       0x14 c:/software/altera/10.1/nios2eds/bin/gnu/h-i686-mingw32/bin/../lib/gcc/nios2-elf/4.1.2/../../../../nios2-elf/lib/mno-hw-mul\libc.a(lib_a-atexit.o)
                0x008144a4                atexit
 .text          0x008144b8       0x38 c:/software/altera/10.1/nios2eds/bin/gnu/h-i686-mingw32/bin/../lib/gcc/nios2-elf/4.1.2/../../../../nios2-elf/lib/mno-hw-mul\libc.a(lib_a-exit.o)
                0x008144b8                exit
 .text          0x008144f0       0x74 c:/software/altera/10.1/nios2eds/bin/gnu/h-i686-mingw32/bin/../lib/gcc/nios2-elf/4.1.2/../../../../nios2-elf/lib/mno-hw-mul\libc.a(lib_a-memcmp.o)
                0x008144f0                memcmp
 .text          0x00814564      0x134 c:/software/altera/10.1/nios2eds/bin/gnu/h-i686-mingw32/bin/../lib/gcc/nios2-elf/4.1.2/../../../../nios2-elf/lib/mno-hw-mul\libc.a(lib_a-__atexit.o)
                0x00814564                __register_exitproc
 .text          0x00814698      0x1b4 c:/software/altera/10.1/nios2eds/bin/gnu/h-i686-mingw32/bin/../lib/gcc/nios2-elf/4.1.2/../../../../nios2-elf/lib/mno-hw-mul\libc.a(lib_a-__call_atexit.o)
                0x0081469c                __call_exitprocs
 .text          0x0081484c       0x60 ../lab1_bsp\libhal_bsp.a(alt_exit.o)
                0x0081488c                _exit
 *(.gnu.warning.*)
 *(.fini)
                0x008148ac                PROVIDE (__etext, ABSOLUTE (.))
                0x008148ac                PROVIDE (_etext, ABSOLUTE (.))
                0x008148ac                PROVIDE (etext, ABSOLUTE (.))
 *(.eh_frame_hdr)
                0x008148ac                . = ALIGN (0x4)
                0x008148ac                PROVIDE (__preinit_array_start, ABSOLUTE (.))
 *(.preinit_array)
                0x008148ac                PROVIDE (__preinit_array_end, ABSOLUTE (.))
                0x008148ac                PROVIDE (__init_array_start, ABSOLUTE (.))
 *(.init_array)
                0x008148ac                PROVIDE (__init_array_end, ABSOLUTE (.))
                0x008148ac                PROVIDE (__fini_array_start, ABSOLUTE (.))
 *(.fini_array)
                0x008148ac                PROVIDE (__fini_array_end, ABSOLUTE (.))
 *(.eh_frame)
 .eh_frame      0x008148ac       0x40 c:/software/altera/10.1/nios2eds/bin/gnu/h-i686-mingw32/bin/../lib/gcc/nios2-elf/4.1.2/mno-hw-mul\libgcc.a(_udivdi3.o)
 .eh_frame      0x008148ec       0x2c c:/software/altera/10.1/nios2eds/bin/gnu/h-i686-mingw32/bin/../lib/gcc/nios2-elf/4.1.2/mno-hw-mul\libgcc.a(_umoddi3.o)
                                 0x40 (size before relaxing)
 *(.gcc_except_table)
 *(.dynamic)
                0x00814918                PROVIDE (__CTOR_LIST__, ABSOLUTE (.))
 *(.ctors)
 *(SORT(.ctors.*))
 .ctors.65535   0x00814918        0x4 c:/software/altera/10.1/nios2eds/bin/gnu/h-i686-mingw32/bin/../lib/gcc/nios2-elf/4.1.2/../../../../nios2-elf/lib/mno-hw-mul\libc.a(lib_a-__call_atexit.o)
                0x0081491c                PROVIDE (__CTOR_END__, ABSOLUTE (.))
                0x0081491c                PROVIDE (__DTOR_LIST__, ABSOLUTE (.))
 *(.dtors)
 *(SORT(.dtors.*))
                0x0081491c                PROVIDE (__DTOR_END__, ABSOLUTE (.))
 *(.jcr)
                0x0081491c                . = ALIGN (0x4)

.rodata         0x0081491c      0xb48
                0x0081491c                PROVIDE (__ram_rodata_start, ABSOLUTE (.))
                0x0081491c                . = ALIGN (0x4)
 *(.rodata .rodata.* .gnu.linkonce.r.*)
 .rodata        0x0081491c      0x3a4 obj/board_diag.o
 .rodata        0x00814cc0      0x130 obj/ece224_egm.o
 .rodata        0x00814df0       0x1c obj/lab1_phase2.o
 .rodata.str1.4
                0x00814e0c        0x2 c:/software/altera/10.1/nios2eds/bin/gnu/h-i686-mingw32/bin/../lib/gcc/nios2-elf/4.1.2/../../../../nios2-elf/lib/mno-hw-mul\libc.a(lib_a-impure.o)
                                  0x4 (size before relaxing)
 *fill*         0x00814e0e        0x2 00
 .rodata.str1.4
                0x00814e10        0x2 c:/software/altera/10.1/nios2eds/bin/gnu/h-i686-mingw32/bin/../lib/gcc/nios2-elf/4.1.2/../../../../nios2-elf/lib/mno-hw-mul\libc.a(lib_a-puts.o)
                                  0x4 (size before relaxing)
 *fill*         0x00814e12        0x2 00
 .rodata.str1.4
                0x00814e14       0x5e c:/software/altera/10.1/nios2eds/bin/gnu/h-i686-mingw32/bin/../lib/gcc/nios2-elf/4.1.2/../../../../nios2-elf/lib/mno-hw-mul\libc.a(lib_a-vfprintf.o)
                                 0x60 (size before relaxing)
 .rodata        0x00814e72       0x20 c:/software/altera/10.1/nios2eds/bin/gnu/h-i686-mingw32/bin/../lib/gcc/nios2-elf/4.1.2/../../../../nios2-elf/lib/mno-hw-mul\libc.a(lib_a-vfprintf.o)
 *fill*         0x00814e92        0x2 00
 .rodata.str1.4
                0x00814e94        0x5 c:/software/altera/10.1/nios2eds/bin/gnu/h-i686-mingw32/bin/../lib/gcc/nios2-elf/4.1.2/../../../../nios2-elf/lib/mno-hw-mul\libc.a(lib_a-vfscanf.o)
                                  0x8 (size before relaxing)
 *fill*         0x00814e99        0x1 00
 .rodata        0x00814e9a       0x22 c:/software/altera/10.1/nios2eds/bin/gnu/h-i686-mingw32/bin/../lib/gcc/nios2-elf/4.1.2/../../../../nios2-elf/lib/mno-hw-mul\libc.a(lib_a-vfscanf.o)
 .rodata        0x00814ebc      0x281 c:/software/altera/10.1/nios2eds/bin/gnu/h-i686-mingw32/bin/../lib/gcc/nios2-elf/4.1.2/../../../../nios2-elf/lib/mno-hw-mul\libc.a(lib_a-ctype_.o)
                0x00814ebc                _ctype_
 *fill*         0x0081513d        0x3 00
 .rodata.str1.4
                0x00815140       0x10 c:/software/altera/10.1/nios2eds/bin/gnu/h-i686-mingw32/bin/../lib/gcc/nios2-elf/4.1.2/../../../../nios2-elf/lib/mno-hw-mul\libc.a(lib_a-dtoa.o)
                                 0x14 (size before relaxing)
 .rodata.str1.4
                0x00815150        0xf c:/software/altera/10.1/nios2eds/bin/gnu/h-i686-mingw32/bin/../lib/gcc/nios2-elf/4.1.2/../../../../nios2-elf/lib/mno-hw-mul\libc.a(lib_a-locale.o)
                                 0x18 (size before relaxing)
 *fill*         0x0081515f        0x1 00
 .rodata        0x00815160       0x30 c:/software/altera/10.1/nios2eds/bin/gnu/h-i686-mingw32/bin/../lib/gcc/nios2-elf/4.1.2/../../../../nios2-elf/lib/mno-hw-mul\libc.a(lib_a-locale.o)
 .rodata.str1.4
                0x00000000        0x4 c:/software/altera/10.1/nios2eds/bin/gnu/h-i686-mingw32/bin/../lib/gcc/nios2-elf/4.1.2/../../../../nios2-elf/lib/mno-hw-mul\libc.a(lib_a-mbrtowc.o)
 .rodata        0x00815190      0x124 c:/software/altera/10.1/nios2eds/bin/gnu/h-i686-mingw32/bin/../lib/gcc/nios2-elf/4.1.2/../../../../nios2-elf/lib/mno-hw-mul\libc.a(lib_a-mprec.o)
                0x00815190                __mprec_tens
                0x00815258                __mprec_bigtens
                0x00815280                __mprec_tinytens
 .rodata.str1.4
                0x008152b4        0xf c:/software/altera/10.1/nios2eds/bin/gnu/h-i686-mingw32/bin/../lib/gcc/nios2-elf/4.1.2/../../../../nios2-elf/lib/mno-hw-mul\libc.a(lib_a-strtod.o)
                                 0x10 (size before relaxing)
 *fill*         0x008152c3        0x1 00
 .rodata        0x008152c4       0x28 c:/software/altera/10.1/nios2eds/bin/gnu/h-i686-mingw32/bin/../lib/gcc/nios2-elf/4.1.2/../../../../nios2-elf/lib/mno-hw-mul\libc.a(lib_a-strtod.o)
 .rodata.str1.4
                0x008152ec       0x1c c:/software/altera/10.1/nios2eds/bin/gnu/h-i686-mingw32/bin/../lib/gcc/nios2-elf/4.1.2/../../../../nios2-elf/lib/mno-hw-mul\libc.a(lib_a-gdtoa-gethex.o)
 .rodata        0x00815308       0x14 c:/software/altera/10.1/nios2eds/bin/gnu/h-i686-mingw32/bin/../lib/gcc/nios2-elf/4.1.2/mno-hw-mul\libgcc.a(_thenan_df.o)
                0x00815308                __thenan_df
 .rodata        0x0081531c      0x100 c:/software/altera/10.1/nios2eds/bin/gnu/h-i686-mingw32/bin/../lib/gcc/nios2-elf/4.1.2/mno-hw-mul\libgcc.a(_clz.o)
                0x0081531c                __clz_tab
 .rodata        0x0081541c        0xc ../lab1_bsp\libhal_bsp.a(alt_dev.o)
 .rodata        0x00815428       0x14 ../lab1_bsp\libhal_bsp.a(alt_main.o)
 .rodata        0x0081543c       0x28 ../lab1_bsp\libhal_bsp.a(alt_sys_init.o)
 *(.rodata1)
                0x00815464                . = ALIGN (0x4)
                0x00815464                PROVIDE (__ram_rodata_end, ABSOLUTE (.))
                0x0081491c                PROVIDE (__flash_rodata_start, LOADADDR (.rodata))

.rwdata         0x00815464     0x1bb0 load address 0x00817014
                0x00815464                PROVIDE (__ram_rwdata_start, ABSOLUTE (.))
                0x00815464                . = ALIGN (0x4)
 *(.got.plt)
 *(.got)
 *(.data1)
 *(.data .data.* .gnu.linkonce.d.*)
 .data          0x00815464        0x0 ../lab1_bsp/obj/HAL/src/crt0.o
 .data          0x00815464        0x0 obj/board_diag.o
 .data          0x00815464        0x0 obj/ece224_egm.o
 .data          0x00815464        0x0 obj/lab1_phase1.o
 .data          0x00815464        0x0 obj/lab1_phase2.o
 .data          0x00815464        0x0 c:/software/altera/10.1/nios2eds/bin/gnu/h-i686-mingw32/bin/../lib/gcc/nios2-elf/4.1.2/mno-hw-mul\libgcc.a(lib2-divmod.o)
 .data          0x00815464        0x0 c:/software/altera/10.1/nios2eds/bin/gnu/h-i686-mingw32/bin/../lib/gcc/nios2-elf/4.1.2/mno-hw-mul\libgcc.a(lib2-mul.o)
 .data          0x00815464        0x0 c:/software/altera/10.1/nios2eds/bin/gnu/h-i686-mingw32/bin/../lib/gcc/nios2-elf/4.1.2/../../../../nios2-elf/lib/mno-hw-mul\libc.a(lib_a-fclose.o)
 .data          0x00815464        0x0 c:/software/altera/10.1/nios2eds/bin/gnu/h-i686-mingw32/bin/../lib/gcc/nios2-elf/4.1.2/../../../../nios2-elf/lib/mno-hw-mul\libc.a(lib_a-fflush.o)
 .data          0x00815464        0x0 c:/software/altera/10.1/nios2eds/bin/gnu/h-i686-mingw32/bin/../lib/gcc/nios2-elf/4.1.2/../../../../nios2-elf/lib/mno-hw-mul\libc.a(lib_a-findfp.o)
 .data          0x00815464        0x0 c:/software/altera/10.1/nios2eds/bin/gnu/h-i686-mingw32/bin/../lib/gcc/nios2-elf/4.1.2/../../../../nios2-elf/lib/mno-hw-mul\libc.a(lib_a-fopen.o)
 .data          0x00815464        0x0 c:/software/altera/10.1/nios2eds/bin/gnu/h-i686-mingw32/bin/../lib/gcc/nios2-elf/4.1.2/../../../../nios2-elf/lib/mno-hw-mul\libc.a(lib_a-fprintf.o)
 .data          0x00815464        0x0 c:/software/altera/10.1/nios2eds/bin/gnu/h-i686-mingw32/bin/../lib/gcc/nios2-elf/4.1.2/../../../../nios2-elf/lib/mno-hw-mul\libc.a(lib_a-freer.o)
 .data          0x00815464        0x0 c:/software/altera/10.1/nios2eds/bin/gnu/h-i686-mingw32/bin/../lib/gcc/nios2-elf/4.1.2/../../../../nios2-elf/lib/mno-hw-mul\libc.a(lib_a-fseek.o)
 .data          0x00815464        0x0 c:/software/altera/10.1/nios2eds/bin/gnu/h-i686-mingw32/bin/../lib/gcc/nios2-elf/4.1.2/../../../../nios2-elf/lib/mno-hw-mul\libc.a(lib_a-fstatr.o)
 .data          0x00815464        0x0 c:/software/altera/10.1/nios2eds/bin/gnu/h-i686-mingw32/bin/../lib/gcc/nios2-elf/4.1.2/../../../../nios2-elf/lib/mno-hw-mul\libc.a(lib_a-fwalk.o)
 .data          0x00815464        0x0 c:/software/altera/10.1/nios2eds/bin/gnu/h-i686-mingw32/bin/../lib/gcc/nios2-elf/4.1.2/../../../../nios2-elf/lib/mno-hw-mul\libc.a(lib_a-fwrite.o)
 .data          0x00815464        0x0 c:/software/altera/10.1/nios2eds/bin/gnu/h-i686-mingw32/bin/../lib/gcc/nios2-elf/4.1.2/../../../../nios2-elf/lib/mno-hw-mul\libc.a(lib_a-getc.o)
 .data          0x00815464      0x400 c:/software/altera/10.1/nios2eds/bin/gnu/h-i686-mingw32/bin/../lib/gcc/nios2-elf/4.1.2/../../../../nios2-elf/lib/mno-hw-mul\libc.a(lib_a-impure.o)
 .data          0x00815864        0x0 c:/software/altera/10.1/nios2eds/bin/gnu/h-i686-mingw32/bin/../lib/gcc/nios2-elf/4.1.2/../../../../nios2-elf/lib/mno-hw-mul\libc.a(lib_a-int_errno.o)
 .data          0x00815864        0x0 c:/software/altera/10.1/nios2eds/bin/gnu/h-i686-mingw32/bin/../lib/gcc/nios2-elf/4.1.2/../../../../nios2-elf/lib/mno-hw-mul\libc.a(lib_a-makebuf.o)
 .data          0x00815864      0x408 c:/software/altera/10.1/nios2eds/bin/gnu/h-i686-mingw32/bin/../lib/gcc/nios2-elf/4.1.2/../../../../nios2-elf/lib/mno-hw-mul\libc.a(lib_a-mallocr.o)
                0x00815864                __malloc_av_
 .data          0x00815c6c        0x0 c:/software/altera/10.1/nios2eds/bin/gnu/h-i686-mingw32/bin/../lib/gcc/nios2-elf/4.1.2/../../../../nios2-elf/lib/mno-hw-mul\libc.a(lib_a-memset.o)
 .data          0x00815c6c        0x0 c:/software/altera/10.1/nios2eds/bin/gnu/h-i686-mingw32/bin/../lib/gcc/nios2-elf/4.1.2/../../../../nios2-elf/lib/mno-hw-mul\libc.a(lib_a-openr.o)
 .data          0x00815c6c        0x0 c:/software/altera/10.1/nios2eds/bin/gnu/h-i686-mingw32/bin/../lib/gcc/nios2-elf/4.1.2/../../../../nios2-elf/lib/mno-hw-mul\libc.a(lib_a-printf.o)
 .data          0x00815c6c        0x0 c:/software/altera/10.1/nios2eds/bin/gnu/h-i686-mingw32/bin/../lib/gcc/nios2-elf/4.1.2/../../../../nios2-elf/lib/mno-hw-mul\libc.a(lib_a-puts.o)
 .data          0x00815c6c        0x0 c:/software/altera/10.1/nios2eds/bin/gnu/h-i686-mingw32/bin/../lib/gcc/nios2-elf/4.1.2/../../../../nios2-elf/lib/mno-hw-mul\libc.a(lib_a-refill.o)
 .data          0x00815c6c        0x0 c:/software/altera/10.1/nios2eds/bin/gnu/h-i686-mingw32/bin/../lib/gcc/nios2-elf/4.1.2/../../../../nios2-elf/lib/mno-hw-mul\libc.a(lib_a-rget.o)
 .data          0x00815c6c        0x0 c:/software/altera/10.1/nios2eds/bin/gnu/h-i686-mingw32/bin/../lib/gcc/nios2-elf/4.1.2/../../../../nios2-elf/lib/mno-hw-mul\libc.a(lib_a-sbrkr.o)
 .data          0x00815c6c        0x0 c:/software/altera/10.1/nios2eds/bin/gnu/h-i686-mingw32/bin/../lib/gcc/nios2-elf/4.1.2/../../../../nios2-elf/lib/mno-hw-mul\libc.a(lib_a-sscanf.o)
 .data          0x00815c6c        0x0 c:/software/altera/10.1/nios2eds/bin/gnu/h-i686-mingw32/bin/../lib/gcc/nios2-elf/4.1.2/../../../../nios2-elf/lib/mno-hw-mul\libc.a(lib_a-stdio.o)
 .data          0x00815c6c        0x0 c:/software/altera/10.1/nios2eds/bin/gnu/h-i686-mingw32/bin/../lib/gcc/nios2-elf/4.1.2/../../../../nios2-elf/lib/mno-hw-mul\libc.a(lib_a-strlen.o)
 .data          0x00815c6c        0x0 c:/software/altera/10.1/nios2eds/bin/gnu/h-i686-mingw32/bin/../lib/gcc/nios2-elf/4.1.2/../../../../nios2-elf/lib/mno-hw-mul\libc.a(lib_a-vfprintf.o)
 .data          0x00815c6c        0x0 c:/software/altera/10.1/nios2eds/bin/gnu/h-i686-mingw32/bin/../lib/gcc/nios2-elf/4.1.2/../../../../nios2-elf/lib/mno-hw-mul\libc.a(lib_a-vfscanf.o)
 .data          0x00815c6c        0x0 c:/software/altera/10.1/nios2eds/bin/gnu/h-i686-mingw32/bin/../lib/gcc/nios2-elf/4.1.2/../../../../nios2-elf/lib/mno-hw-mul\libc.a(lib_a-writer.o)
 .data          0x00815c6c        0x0 c:/software/altera/10.1/nios2eds/bin/gnu/h-i686-mingw32/bin/../lib/gcc/nios2-elf/4.1.2/../../../../nios2-elf/lib/mno-hw-mul\libc.a(lib_a-wsetup.o)
 .data          0x00815c6c        0x0 c:/software/altera/10.1/nios2eds/bin/gnu/h-i686-mingw32/bin/../lib/gcc/nios2-elf/4.1.2/../../../../nios2-elf/lib/mno-hw-mul\libc.a(lib_a-closer.o)
 .data          0x00815c6c        0x0 c:/software/altera/10.1/nios2eds/bin/gnu/h-i686-mingw32/bin/../lib/gcc/nios2-elf/4.1.2/../../../../nios2-elf/lib/mno-hw-mul\libc.a(lib_a-ctype_.o)
 .data          0x00815c6c        0x0 c:/software/altera/10.1/nios2eds/bin/gnu/h-i686-mingw32/bin/../lib/gcc/nios2-elf/4.1.2/../../../../nios2-elf/lib/mno-hw-mul\libc.a(lib_a-dtoa.o)
 .data          0x00815c6c        0x0 c:/software/altera/10.1/nios2eds/bin/gnu/h-i686-mingw32/bin/../lib/gcc/nios2-elf/4.1.2/../../../../nios2-elf/lib/mno-hw-mul\libc.a(lib_a-flags.o)
 .data          0x00815c6c        0x0 c:/software/altera/10.1/nios2eds/bin/gnu/h-i686-mingw32/bin/../lib/gcc/nios2-elf/4.1.2/../../../../nios2-elf/lib/mno-hw-mul\libc.a(lib_a-fread.o)
 .data          0x00815c6c        0x0 c:/software/altera/10.1/nios2eds/bin/gnu/h-i686-mingw32/bin/../lib/gcc/nios2-elf/4.1.2/../../../../nios2-elf/lib/mno-hw-mul\libc.a(lib_a-fvwrite.o)
 .data          0x00815c6c        0x0 c:/software/altera/10.1/nios2eds/bin/gnu/h-i686-mingw32/bin/../lib/gcc/nios2-elf/4.1.2/../../../../nios2-elf/lib/mno-hw-mul\libc.a(lib_a-isattyr.o)
 .data          0x00815c6c        0x0 c:/software/altera/10.1/nios2eds/bin/gnu/h-i686-mingw32/bin/../lib/gcc/nios2-elf/4.1.2/../../../../nios2-elf/lib/mno-hw-mul\libc.a(lib_a-iswspace.o)
 .data          0x00815c6c        0xc c:/software/altera/10.1/nios2eds/bin/gnu/h-i686-mingw32/bin/../lib/gcc/nios2-elf/4.1.2/../../../../nios2-elf/lib/mno-hw-mul\libc.a(lib_a-locale.o)
                0x00815c6c                __lc_ctype
 .data          0x00815c78        0x0 c:/software/altera/10.1/nios2eds/bin/gnu/h-i686-mingw32/bin/../lib/gcc/nios2-elf/4.1.2/../../../../nios2-elf/lib/mno-hw-mul\libc.a(lib_a-lseekr.o)
 .data          0x00815c78        0x0 c:/software/altera/10.1/nios2eds/bin/gnu/h-i686-mingw32/bin/../lib/gcc/nios2-elf/4.1.2/../../../../nios2-elf/lib/mno-hw-mul\libc.a(lib_a-mbrtowc.o)
 .data          0x00815c78        0x0 c:/software/altera/10.1/nios2eds/bin/gnu/h-i686-mingw32/bin/../lib/gcc/nios2-elf/4.1.2/../../../../nios2-elf/lib/mno-hw-mul\libc.a(lib_a-mbtowc_r.o)
 .data          0x00815c78        0x0 c:/software/altera/10.1/nios2eds/bin/gnu/h-i686-mingw32/bin/../lib/gcc/nios2-elf/4.1.2/../../../../nios2-elf/lib/mno-hw-mul\libc.a(lib_a-memchr.o)
 .data          0x00815c78        0x0 c:/software/altera/10.1/nios2eds/bin/gnu/h-i686-mingw32/bin/../lib/gcc/nios2-elf/4.1.2/../../../../nios2-elf/lib/mno-hw-mul\libc.a(lib_a-memcpy.o)
 .data          0x00815c78        0x0 c:/software/altera/10.1/nios2eds/bin/gnu/h-i686-mingw32/bin/../lib/gcc/nios2-elf/4.1.2/../../../../nios2-elf/lib/mno-hw-mul\libc.a(lib_a-memmove.o)
 .data          0x00815c78        0x0 c:/software/altera/10.1/nios2eds/bin/gnu/h-i686-mingw32/bin/../lib/gcc/nios2-elf/4.1.2/../../../../nios2-elf/lib/mno-hw-mul\libc.a(lib_a-mprec.o)
 .data          0x00815c78        0x0 c:/software/altera/10.1/nios2eds/bin/gnu/h-i686-mingw32/bin/../lib/gcc/nios2-elf/4.1.2/../../../../nios2-elf/lib/mno-hw-mul\libc.a(lib_a-readr.o)
 .data          0x00815c78        0x0 c:/software/altera/10.1/nios2eds/bin/gnu/h-i686-mingw32/bin/../lib/gcc/nios2-elf/4.1.2/../../../../nios2-elf/lib/mno-hw-mul\libc.a(lib_a-reallocr.o)
 .data          0x00815c78        0x0 c:/software/altera/10.1/nios2eds/bin/gnu/h-i686-mingw32/bin/../lib/gcc/nios2-elf/4.1.2/../../../../nios2-elf/lib/mno-hw-mul\libc.a(lib_a-s_isinfd.o)
 .data          0x00815c78        0x0 c:/software/altera/10.1/nios2eds/bin/gnu/h-i686-mingw32/bin/../lib/gcc/nios2-elf/4.1.2/../../../../nios2-elf/lib/mno-hw-mul\libc.a(lib_a-s_isnand.o)
 .data          0x00815c78        0x0 c:/software/altera/10.1/nios2eds/bin/gnu/h-i686-mingw32/bin/../lib/gcc/nios2-elf/4.1.2/../../../../nios2-elf/lib/mno-hw-mul\libc.a(lib_a-sccl.o)
 .data          0x00815c78        0x0 c:/software/altera/10.1/nios2eds/bin/gnu/h-i686-mingw32/bin/../lib/gcc/nios2-elf/4.1.2/../../../../nios2-elf/lib/mno-hw-mul\libc.a(lib_a-sf_nan.o)
 .data          0x00815c78        0x0 c:/software/altera/10.1/nios2eds/bin/gnu/h-i686-mingw32/bin/../lib/gcc/nios2-elf/4.1.2/../../../../nios2-elf/lib/mno-hw-mul\libc.a(lib_a-sprintf.o)
 .data          0x00815c78        0x0 c:/software/altera/10.1/nios2eds/bin/gnu/h-i686-mingw32/bin/../lib/gcc/nios2-elf/4.1.2/../../../../nios2-elf/lib/mno-hw-mul\libc.a(lib_a-strcmp.o)
 .data          0x00815c78       0x28 c:/software/altera/10.1/nios2eds/bin/gnu/h-i686-mingw32/bin/../lib/gcc/nios2-elf/4.1.2/../../../../nios2-elf/lib/mno-hw-mul\libc.a(lib_a-strtod.o)
 .data          0x00815ca0        0x0 c:/software/altera/10.1/nios2eds/bin/gnu/h-i686-mingw32/bin/../lib/gcc/nios2-elf/4.1.2/../../../../nios2-elf/lib/mno-hw-mul\libc.a(lib_a-strtol.o)
 .data          0x00815ca0        0x0 c:/software/altera/10.1/nios2eds/bin/gnu/h-i686-mingw32/bin/../lib/gcc/nios2-elf/4.1.2/../../../../nios2-elf/lib/mno-hw-mul\libc.a(lib_a-strtoll_r.o)
 .data          0x00815ca0        0x0 c:/software/altera/10.1/nios2eds/bin/gnu/h-i686-mingw32/bin/../lib/gcc/nios2-elf/4.1.2/../../../../nios2-elf/lib/mno-hw-mul\libc.a(lib_a-strtoul.o)
 .data          0x00815ca0        0x0 c:/software/altera/10.1/nios2eds/bin/gnu/h-i686-mingw32/bin/../lib/gcc/nios2-elf/4.1.2/../../../../nios2-elf/lib/mno-hw-mul\libc.a(lib_a-strtoull_r.o)
 .data          0x00815ca0        0x0 c:/software/altera/10.1/nios2eds/bin/gnu/h-i686-mingw32/bin/../lib/gcc/nios2-elf/4.1.2/../../../../nios2-elf/lib/mno-hw-mul\libc.a(lib_a-ungetc.o)
 .data          0x00815ca0        0x0 c:/software/altera/10.1/nios2eds/bin/gnu/h-i686-mingw32/bin/../lib/gcc/nios2-elf/4.1.2/../../../../nios2-elf/lib/mno-hw-mul\libc.a(lib_a-callocr.o)
 .data          0x00815ca0        0x0 c:/software/altera/10.1/nios2eds/bin/gnu/h-i686-mingw32/bin/../lib/gcc/nios2-elf/4.1.2/../../../../nios2-elf/lib/mno-hw-mul\libc.a(lib_a-gdtoa-gethex.o)
 .data          0x00815ca0        0x0 c:/software/altera/10.1/nios2eds/bin/gnu/h-i686-mingw32/bin/../lib/gcc/nios2-elf/4.1.2/../../../../nios2-elf/lib/mno-hw-mul\libc.a(lib_a-gdtoa-hexnan.o)
 .data          0x00815ca0        0x0 c:/software/altera/10.1/nios2eds/bin/gnu/h-i686-mingw32/bin/../lib/gcc/nios2-elf/4.1.2/mno-hw-mul\libgcc.a(_muldi3.o)
 .data          0x00815ca0        0x0 c:/software/altera/10.1/nios2eds/bin/gnu/h-i686-mingw32/bin/../lib/gcc/nios2-elf/4.1.2/mno-hw-mul\libgcc.a(_fixunsdfsi.o)
 .data          0x00815ca0        0x0 c:/software/altera/10.1/nios2eds/bin/gnu/h-i686-mingw32/bin/../lib/gcc/nios2-elf/4.1.2/mno-hw-mul\libgcc.a(_udivdi3.o)
 .data          0x00815ca0        0x0 c:/software/altera/10.1/nios2eds/bin/gnu/h-i686-mingw32/bin/../lib/gcc/nios2-elf/4.1.2/mno-hw-mul\libgcc.a(_umoddi3.o)
 .data          0x00815ca0        0x0 c:/software/altera/10.1/nios2eds/bin/gnu/h-i686-mingw32/bin/../lib/gcc/nios2-elf/4.1.2/mno-hw-mul\libgcc.a(_ne_sf.o)
 .data          0x00815ca0        0x0 c:/software/altera/10.1/nios2eds/bin/gnu/h-i686-mingw32/bin/../lib/gcc/nios2-elf/4.1.2/mno-hw-mul\libgcc.a(_gt_sf.o)
 .data          0x00815ca0        0x0 c:/software/altera/10.1/nios2eds/bin/gnu/h-i686-mingw32/bin/../lib/gcc/nios2-elf/4.1.2/mno-hw-mul\libgcc.a(_lt_sf.o)
 .data          0x00815ca0        0x0 c:/software/altera/10.1/nios2eds/bin/gnu/h-i686-mingw32/bin/../lib/gcc/nios2-elf/4.1.2/mno-hw-mul\libgcc.a(_addsub_df.o)
 .data          0x00815ca0        0x0 c:/software/altera/10.1/nios2eds/bin/gnu/h-i686-mingw32/bin/../lib/gcc/nios2-elf/4.1.2/mno-hw-mul\libgcc.a(_mul_df.o)
 .data          0x00815ca0        0x0 c:/software/altera/10.1/nios2eds/bin/gnu/h-i686-mingw32/bin/../lib/gcc/nios2-elf/4.1.2/mno-hw-mul\libgcc.a(_div_df.o)
 .data          0x00815ca0        0x0 c:/software/altera/10.1/nios2eds/bin/gnu/h-i686-mingw32/bin/../lib/gcc/nios2-elf/4.1.2/mno-hw-mul\libgcc.a(_eq_df.o)
 .data          0x00815ca0        0x0 c:/software/altera/10.1/nios2eds/bin/gnu/h-i686-mingw32/bin/../lib/gcc/nios2-elf/4.1.2/mno-hw-mul\libgcc.a(_ne_df.o)
 .data          0x00815ca0        0x0 c:/software/altera/10.1/nios2eds/bin/gnu/h-i686-mingw32/bin/../lib/gcc/nios2-elf/4.1.2/mno-hw-mul\libgcc.a(_gt_df.o)
 .data          0x00815ca0        0x0 c:/software/altera/10.1/nios2eds/bin/gnu/h-i686-mingw32/bin/../lib/gcc/nios2-elf/4.1.2/mno-hw-mul\libgcc.a(_ge_df.o)
 .data          0x00815ca0        0x0 c:/software/altera/10.1/nios2eds/bin/gnu/h-i686-mingw32/bin/../lib/gcc/nios2-elf/4.1.2/mno-hw-mul\libgcc.a(_lt_df.o)
 .data          0x00815ca0        0x0 c:/software/altera/10.1/nios2eds/bin/gnu/h-i686-mingw32/bin/../lib/gcc/nios2-elf/4.1.2/mno-hw-mul\libgcc.a(_le_df.o)
 .data          0x00815ca0        0x0 c:/software/altera/10.1/nios2eds/bin/gnu/h-i686-mingw32/bin/../lib/gcc/nios2-elf/4.1.2/mno-hw-mul\libgcc.a(_si_to_df.o)
 .data          0x00815ca0        0x0 c:/software/altera/10.1/nios2eds/bin/gnu/h-i686-mingw32/bin/../lib/gcc/nios2-elf/4.1.2/mno-hw-mul\libgcc.a(_df_to_si.o)
 .data          0x00815ca0        0x0 c:/software/altera/10.1/nios2eds/bin/gnu/h-i686-mingw32/bin/../lib/gcc/nios2-elf/4.1.2/mno-hw-mul\libgcc.a(_df_to_sf.o)
 .data          0x00815ca0        0x0 c:/software/altera/10.1/nios2eds/bin/gnu/h-i686-mingw32/bin/../lib/gcc/nios2-elf/4.1.2/mno-hw-mul\libgcc.a(_thenan_df.o)
 .data          0x00815ca0        0x0 c:/software/altera/10.1/nios2eds/bin/gnu/h-i686-mingw32/bin/../lib/gcc/nios2-elf/4.1.2/mno-hw-mul\libgcc.a(_usi_to_df.o)
 .data          0x00815ca0        0x0 c:/software/altera/10.1/nios2eds/bin/gnu/h-i686-mingw32/bin/../lib/gcc/nios2-elf/4.1.2/mno-hw-mul\libgcc.a(_clz.o)
 .data          0x00815ca0        0x0 c:/software/altera/10.1/nios2eds/bin/gnu/h-i686-mingw32/bin/../lib/gcc/nios2-elf/4.1.2/mno-hw-mul\libgcc.a(_clzsi2.o)
 .data          0x00815ca0        0x0 c:/software/altera/10.1/nios2eds/bin/gnu/h-i686-mingw32/bin/../lib/gcc/nios2-elf/4.1.2/mno-hw-mul\libgcc.a(_unpack_sf.o)
 .data          0x00815ca0        0x0 c:/software/altera/10.1/nios2eds/bin/gnu/h-i686-mingw32/bin/../lib/gcc/nios2-elf/4.1.2/mno-hw-mul\libgcc.a(_fpcmp_parts_sf.o)
 .data          0x00815ca0        0x0 c:/software/altera/10.1/nios2eds/bin/gnu/h-i686-mingw32/bin/../lib/gcc/nios2-elf/4.1.2/mno-hw-mul\libgcc.a(_make_sf.o)
 .data          0x00815ca0        0x0 c:/software/altera/10.1/nios2eds/bin/gnu/h-i686-mingw32/bin/../lib/gcc/nios2-elf/4.1.2/mno-hw-mul\libgcc.a(_pack_df.o)
 .data          0x00815ca0        0x0 c:/software/altera/10.1/nios2eds/bin/gnu/h-i686-mingw32/bin/../lib/gcc/nios2-elf/4.1.2/mno-hw-mul\libgcc.a(_unpack_df.o)
 .data          0x00815ca0        0x0 c:/software/altera/10.1/nios2eds/bin/gnu/h-i686-mingw32/bin/../lib/gcc/nios2-elf/4.1.2/mno-hw-mul\libgcc.a(_fpcmp_parts_df.o)
 .data          0x00815ca0        0x0 c:/software/altera/10.1/nios2eds/bin/gnu/h-i686-mingw32/bin/../lib/gcc/nios2-elf/4.1.2/mno-hw-mul\libgcc.a(_pack_sf.o)
 .data          0x00815ca0        0x0 ../lab1_bsp\libhal_bsp.a(alt_close.o)
 .data          0x00815ca0      0x1a8 ../lab1_bsp\libhal_bsp.a(alt_dev.o)
                0x00815ca0                alt_dev_null
                0x00815cc8                alt_fd_list
 .data          0x00815e48        0x0 ../lab1_bsp\libhal_bsp.a(alt_errno.o)
 .data          0x00815e48        0x0 ../lab1_bsp\libhal_bsp.a(alt_fstat.o)
 .data          0x00815e48        0x0 ../lab1_bsp\libhal_bsp.a(alt_iic.o)
 .data          0x00815e48        0x0 ../lab1_bsp\libhal_bsp.a(alt_iic_isr_register.o)
 .data          0x00815e48        0x0 ../lab1_bsp\libhal_bsp.a(alt_irq_entry.o)
 .data          0x00815e48        0x0 ../lab1_bsp\libhal_bsp.a(alt_irq_handler.o)
 .data          0x00815e48        0x0 ../lab1_bsp\libhal_bsp.a(alt_irq_register.o)
 .data          0x00815e48        0x0 ../lab1_bsp\libhal_bsp.a(alt_irq_vars.o)
 .data          0x00815e48        0x0 ../lab1_bsp\libhal_bsp.a(alt_isatty.o)
 .data          0x00815e48        0x0 ../lab1_bsp\libhal_bsp.a(alt_load.o)
 .data          0x00815e48        0x0 ../lab1_bsp\libhal_bsp.a(alt_lseek.o)
 .data          0x00815e48        0x0 ../lab1_bsp\libhal_bsp.a(alt_main.o)
 .data          0x00815e48        0x0 ../lab1_bsp\libhal_bsp.a(alt_malloc_lock.o)
 .data          0x00815e48        0x0 ../lab1_bsp\libhal_bsp.a(alt_open.o)
 .data          0x00815e48        0x0 ../lab1_bsp\libhal_bsp.a(alt_read.o)
 .data          0x00815e48        0x0 ../lab1_bsp\libhal_bsp.a(alt_release_fd.o)
 .data          0x00815e48        0x0 ../lab1_bsp\libhal_bsp.a(alt_sbrk.o)
 .data          0x00815e48        0x0 ../lab1_bsp\libhal_bsp.a(alt_usleep.o)
 .data          0x00815e48        0x0 ../lab1_bsp\libhal_bsp.a(alt_write.o)
 .data          0x00815e48     0x1180 ../lab1_bsp\libhal_bsp.a(alt_sys_init.o)
 .data          0x00816fc8        0x0 ../lab1_bsp\libhal_bsp.a(altera_avalon_jtag_uart_fd.o)
 .data          0x00816fc8        0x0 ../lab1_bsp\libhal_bsp.a(altera_avalon_jtag_uart_init.o)
 .data          0x00816fc8        0x0 ../lab1_bsp\libhal_bsp.a(altera_avalon_jtag_uart_ioctl.o)
 .data          0x00816fc8        0x0 ../lab1_bsp\libhal_bsp.a(altera_avalon_jtag_uart_read.o)
 .data          0x00816fc8        0x0 ../lab1_bsp\libhal_bsp.a(altera_avalon_jtag_uart_write.o)
 .data          0x00816fc8        0x0 ../lab1_bsp\libhal_bsp.a(altera_avalon_lcd_16207.o)
 .data          0x00816fc8        0x0 ../lab1_bsp\libhal_bsp.a(altera_avalon_lcd_16207_fd.o)
 .data          0x00816fc8        0x0 ../lab1_bsp\libhal_bsp.a(altera_avalon_timer_sc.o)
 .data          0x00816fc8        0x0 ../lab1_bsp\libhal_bsp.a(alt_alarm_start.o)
 .data          0x00816fc8        0x0 ../lab1_bsp\libhal_bsp.a(alt_busy_sleep.o)
 .data          0x00816fc8        0x0 ../lab1_bsp\libhal_bsp.a(alt_dcache_flush_all.o)
 .data          0x00816fc8        0x0 ../lab1_bsp\libhal_bsp.a(alt_dev_llist_insert.o)
 .data          0x00816fc8        0x0 ../lab1_bsp\libhal_bsp.a(alt_do_ctors.o)
 .data          0x00816fc8        0x0 ../lab1_bsp\libhal_bsp.a(alt_do_dtors.o)
 .data          0x00816fc8        0x0 ../lab1_bsp\libhal_bsp.a(alt_exception_entry.o)
 .data          0x00816fc8        0x0 ../lab1_bsp\libhal_bsp.a(alt_find_dev.o)
 .data          0x00816fc8        0x0 ../lab1_bsp\libhal_bsp.a(alt_find_file.o)
 .data          0x00816fc8        0x0 ../lab1_bsp\libhal_bsp.a(alt_get_fd.o)
 .data          0x00816fc8        0x0 ../lab1_bsp\libhal_bsp.a(alt_icache_flush_all.o)
 .data          0x00816fc8        0x0 ../lab1_bsp\libhal_bsp.a(alt_io_redirect.o)
 .data          0x00816fc8        0x0 ../lab1_bsp\libhal_bsp.a(alt_tick.o)
 .data          0x00816fc8        0x0 ../lab1_bsp\libhal_bsp.a(altera_nios2_irq.o)
 .data          0x00816fc8        0x0 ../lab1_bsp\libhal_bsp.a(alt_icache_flush.o)
 .data          0x00816fc8        0x0 c:/software/altera/10.1/nios2eds/bin/gnu/h-i686-mingw32/bin/../lib/gcc/nios2-elf/4.1.2/../../../../nios2-elf/lib/mno-hw-mul\libc.a(lib_a-atexit.o)
 .data          0x00816fc8        0x0 c:/software/altera/10.1/nios2eds/bin/gnu/h-i686-mingw32/bin/../lib/gcc/nios2-elf/4.1.2/../../../../nios2-elf/lib/mno-hw-mul\libc.a(lib_a-exit.o)
 .data          0x00816fc8        0x0 c:/software/altera/10.1/nios2eds/bin/gnu/h-i686-mingw32/bin/../lib/gcc/nios2-elf/4.1.2/../../../../nios2-elf/lib/mno-hw-mul\libc.a(lib_a-memcmp.o)
 .data          0x00816fc8        0x0 c:/software/altera/10.1/nios2eds/bin/gnu/h-i686-mingw32/bin/../lib/gcc/nios2-elf/4.1.2/../../../../nios2-elf/lib/mno-hw-mul\libc.a(lib_a-__atexit.o)
 .data          0x00816fc8        0x0 c:/software/altera/10.1/nios2eds/bin/gnu/h-i686-mingw32/bin/../lib/gcc/nios2-elf/4.1.2/../../../../nios2-elf/lib/mno-hw-mul\libc.a(lib_a-__call_atexit.o)
 .data          0x00816fc8        0x0 ../lab1_bsp\libhal_bsp.a(alt_exit.o)
                0x0081efc8                _gp = ABSOLUTE ((. + 0x8000))
                0x0081efc8                PROVIDE (gp, _gp)
 *(.sdata .sdata.* .gnu.linkonce.s.*)
 .sdata         0x00816fc8        0x2 obj/lab1_phase1.o
                0x00816fc8                count_flag
                0x00816fc9                count_flag2
 *fill*         0x00816fca        0x2 00
 .sdata         0x00816fcc        0x8 c:/software/altera/10.1/nios2eds/bin/gnu/h-i686-mingw32/bin/../lib/gcc/nios2-elf/4.1.2/../../../../nios2-elf/lib/mno-hw-mul\libc.a(lib_a-impure.o)
                0x00816fcc                _impure_ptr
                0x00816fd0                _global_impure_ptr
 .sdata         0x00816fd4        0x8 c:/software/altera/10.1/nios2eds/bin/gnu/h-i686-mingw32/bin/../lib/gcc/nios2-elf/4.1.2/../../../../nios2-elf/lib/mno-hw-mul\libc.a(lib_a-mallocr.o)
                0x00816fd4                __malloc_trim_threshold
                0x00816fd8                __malloc_sbrk_base
 .sdata         0x00816fdc        0x4 c:/software/altera/10.1/nios2eds/bin/gnu/h-i686-mingw32/bin/../lib/gcc/nios2-elf/4.1.2/../../../../nios2-elf/lib/mno-hw-mul\libc.a(lib_a-ctype_.o)
                0x00816fdc                __ctype_ptr
 .sdata         0x00816fe0        0x8 c:/software/altera/10.1/nios2eds/bin/gnu/h-i686-mingw32/bin/../lib/gcc/nios2-elf/4.1.2/../../../../nios2-elf/lib/mno-hw-mul\libc.a(lib_a-locale.o)
                0x00816fe0                __mb_cur_max
 .sdata         0x00816fe8       0x14 ../lab1_bsp\libhal_bsp.a(alt_dev.o)
                0x00816fe8                alt_fs_list
                0x00816ff0                alt_dev_list
                0x00816ff8                alt_max_fd
 .sdata         0x00816ffc        0x4 ../lab1_bsp\libhal_bsp.a(alt_errno.o)
                0x00816ffc                alt_errno
 .sdata         0x00817000        0x4 ../lab1_bsp\libhal_bsp.a(alt_irq_vars.o)
                0x00817000                alt_priority_mask
 .sdata         0x00817004        0x4 ../lab1_bsp\libhal_bsp.a(alt_sbrk.o)
 .sdata         0x00817008        0x4 ../lab1_bsp\libhal_bsp.a(altera_avalon_lcd_16207.o)
 .sdata         0x0081700c        0x8 ../lab1_bsp\libhal_bsp.a(alt_tick.o)
                0x0081700c                alt_alarm_list
 *(.sdata2 .sdata2.* .gnu.linkonce.s2.*)
                0x00817014                . = ALIGN (0x4)
                0x00817014                _edata = ABSOLUTE (.)
                0x00817014                PROVIDE (edata, ABSOLUTE (.))
                0x00817014                PROVIDE (__ram_rwdata_end, ABSOLUTE (.))
                0x00817014                PROVIDE (__flash_rwdata_start, LOADADDR (.rwdata))

.bss            0x00818bc4      0x418
                0x00818bc4                __bss_start = ABSOLUTE (.)
                0x00818bc4                PROVIDE (__sbss_start, ABSOLUTE (.))
                0x00818bc4                PROVIDE (___sbss_start, ABSOLUTE (.))
 *(.dynsbss)
 *(.sbss .sbss.* .gnu.linkonce.sb.*)
 .sbss          0x00818bc4       0x10 obj/board_diag.o
 .sbss          0x00818bd4        0x4 obj/board_diag.o
                0x00818bd4                edge_capture
 .sbss          0x00818bd8        0xc obj/ece224_egm.o
                0x00818bd8                g_taskProcessed
                0x00818bdc                g_dutyCycle
                0x00818be0                g_period
 .sbss          0x00818be4        0x6 obj/lab1_phase1.o
                0x00818be4                led_state
                0x00818be5                switches
                0x00818be6                buttons
                0x00818be7                seven_seg
                0x00818be8                button1_pressed
                0x00818be9                button2_pressed
 *fill*         0x00818bea        0x2 00
 .sbss          0x00818bec        0x4 obj/lab1_phase2.o
                0x00818bec                flag
 .sbss          0x00818bf0        0x4 c:/software/altera/10.1/nios2eds/bin/gnu/h-i686-mingw32/bin/../lib/gcc/nios2-elf/4.1.2/../../../../nios2-elf/lib/mno-hw-mul\libc.a(lib_a-int_errno.o)
                0x00818bf0                errno
 .sbss          0x00818bf4        0xc c:/software/altera/10.1/nios2eds/bin/gnu/h-i686-mingw32/bin/../lib/gcc/nios2-elf/4.1.2/../../../../nios2-elf/lib/mno-hw-mul\libc.a(lib_a-mallocr.o)
                0x00818bf4                __malloc_top_pad
                0x00818bf8                __malloc_max_sbrked_mem
                0x00818bfc                __malloc_max_total_mem
 .sbss          0x00818c00        0xc c:/software/altera/10.1/nios2eds/bin/gnu/h-i686-mingw32/bin/../lib/gcc/nios2-elf/4.1.2/../../../../nios2-elf/lib/mno-hw-mul\libc.a(lib_a-locale.o)
                0x00818c00                __nlocale_changed
                0x00818c04                __mlocale_changed
                0x00818c08                _PathLocale
 .sbss          0x00818c0c        0x4 ../lab1_bsp\libhal_bsp.a(alt_irq_vars.o)
                0x00818c0c                alt_irq_active
 .sbss          0x00818c10        0xc ../lab1_bsp\libhal_bsp.a(alt_main.o)
                0x00818c10                alt_argc
                0x00818c14                alt_argv
                0x00818c18                alt_envp
 .sbss          0x00818c1c        0x8 ../lab1_bsp\libhal_bsp.a(alt_tick.o)
                0x00818c1c                _alt_tick_rate
                0x00818c20                _alt_nticks
 *(.sbss2 .sbss2.* .gnu.linkonce.sb2.*)
 *(.scommon)
                0x00818c24                PROVIDE (__sbss_end, ABSOLUTE (.))
                0x00818c24                PROVIDE (___sbss_end, ABSOLUTE (.))
 *(.dynbss)
 *(.bss .bss.* .gnu.linkonce.b.*)
 .bss           0x00818c24        0x0 ../lab1_bsp/obj/HAL/src/crt0.o
 .bss           0x00818c24        0x0 obj/board_diag.o
 .bss           0x00818c24        0x0 obj/ece224_egm.o
 .bss           0x00818c24        0x0 obj/lab1_phase1.o
 .bss           0x00818c24        0x0 obj/lab1_phase2.o
 .bss           0x00818c24        0x0 c:/software/altera/10.1/nios2eds/bin/gnu/h-i686-mingw32/bin/../lib/gcc/nios2-elf/4.1.2/mno-hw-mul\libgcc.a(lib2-divmod.o)
 .bss           0x00818c24        0x0 c:/software/altera/10.1/nios2eds/bin/gnu/h-i686-mingw32/bin/../lib/gcc/nios2-elf/4.1.2/mno-hw-mul\libgcc.a(lib2-mul.o)
 .bss           0x00818c24        0x0 c:/software/altera/10.1/nios2eds/bin/gnu/h-i686-mingw32/bin/../lib/gcc/nios2-elf/4.1.2/../../../../nios2-elf/lib/mno-hw-mul\libc.a(lib_a-fclose.o)
 .bss           0x00818c24        0x0 c:/software/altera/10.1/nios2eds/bin/gnu/h-i686-mingw32/bin/../lib/gcc/nios2-elf/4.1.2/../../../../nios2-elf/lib/mno-hw-mul\libc.a(lib_a-fflush.o)
 .bss           0x00818c24        0x0 c:/software/altera/10.1/nios2eds/bin/gnu/h-i686-mingw32/bin/../lib/gcc/nios2-elf/4.1.2/../../../../nios2-elf/lib/mno-hw-mul\libc.a(lib_a-findfp.o)
 .bss           0x00818c24        0x0 c:/software/altera/10.1/nios2eds/bin/gnu/h-i686-mingw32/bin/../lib/gcc/nios2-elf/4.1.2/../../../../nios2-elf/lib/mno-hw-mul\libc.a(lib_a-fopen.o)
 .bss           0x00818c24        0x0 c:/software/altera/10.1/nios2eds/bin/gnu/h-i686-mingw32/bin/../lib/gcc/nios2-elf/4.1.2/../../../../nios2-elf/lib/mno-hw-mul\libc.a(lib_a-fprintf.o)
 .bss           0x00818c24        0x0 c:/software/altera/10.1/nios2eds/bin/gnu/h-i686-mingw32/bin/../lib/gcc/nios2-elf/4.1.2/../../../../nios2-elf/lib/mno-hw-mul\libc.a(lib_a-freer.o)
 .bss           0x00818c24        0x0 c:/software/altera/10.1/nios2eds/bin/gnu/h-i686-mingw32/bin/../lib/gcc/nios2-elf/4.1.2/../../../../nios2-elf/lib/mno-hw-mul\libc.a(lib_a-fseek.o)
 .bss           0x00818c24        0x0 c:/software/altera/10.1/nios2eds/bin/gnu/h-i686-mingw32/bin/../lib/gcc/nios2-elf/4.1.2/../../../../nios2-elf/lib/mno-hw-mul\libc.a(lib_a-fstatr.o)
 .bss           0x00818c24        0x0 c:/software/altera/10.1/nios2eds/bin/gnu/h-i686-mingw32/bin/../lib/gcc/nios2-elf/4.1.2/../../../../nios2-elf/lib/mno-hw-mul\libc.a(lib_a-fwalk.o)
 .bss           0x00818c24        0x0 c:/software/altera/10.1/nios2eds/bin/gnu/h-i686-mingw32/bin/../lib/gcc/nios2-elf/4.1.2/../../../../nios2-elf/lib/mno-hw-mul\libc.a(lib_a-fwrite.o)
 .bss           0x00818c24        0x0 c:/software/altera/10.1/nios2eds/bin/gnu/h-i686-mingw32/bin/../lib/gcc/nios2-elf/4.1.2/../../../../nios2-elf/lib/mno-hw-mul\libc.a(lib_a-getc.o)
 .bss           0x00818c24        0x0 c:/software/altera/10.1/nios2eds/bin/gnu/h-i686-mingw32/bin/../lib/gcc/nios2-elf/4.1.2/../../../../nios2-elf/lib/mno-hw-mul\libc.a(lib_a-impure.o)
 .bss           0x00818c24        0x0 c:/software/altera/10.1/nios2eds/bin/gnu/h-i686-mingw32/bin/../lib/gcc/nios2-elf/4.1.2/../../../../nios2-elf/lib/mno-hw-mul\libc.a(lib_a-int_errno.o)
 .bss           0x00818c24        0x0 c:/software/altera/10.1/nios2eds/bin/gnu/h-i686-mingw32/bin/../lib/gcc/nios2-elf/4.1.2/../../../../nios2-elf/lib/mno-hw-mul\libc.a(lib_a-makebuf.o)
 .bss           0x00818c24       0x28 c:/software/altera/10.1/nios2eds/bin/gnu/h-i686-mingw32/bin/../lib/gcc/nios2-elf/4.1.2/../../../../nios2-elf/lib/mno-hw-mul\libc.a(lib_a-mallocr.o)
                0x00818c24                __malloc_current_mallinfo
 .bss           0x00818c4c        0x0 c:/software/altera/10.1/nios2eds/bin/gnu/h-i686-mingw32/bin/../lib/gcc/nios2-elf/4.1.2/../../../../nios2-elf/lib/mno-hw-mul\libc.a(lib_a-memset.o)
 .bss           0x00818c4c        0x0 c:/software/altera/10.1/nios2eds/bin/gnu/h-i686-mingw32/bin/../lib/gcc/nios2-elf/4.1.2/../../../../nios2-elf/lib/mno-hw-mul\libc.a(lib_a-openr.o)
 .bss           0x00818c4c        0x0 c:/software/altera/10.1/nios2eds/bin/gnu/h-i686-mingw32/bin/../lib/gcc/nios2-elf/4.1.2/../../../../nios2-elf/lib/mno-hw-mul\libc.a(lib_a-printf.o)
 .bss           0x00818c4c        0x0 c:/software/altera/10.1/nios2eds/bin/gnu/h-i686-mingw32/bin/../lib/gcc/nios2-elf/4.1.2/../../../../nios2-elf/lib/mno-hw-mul\libc.a(lib_a-puts.o)
 .bss           0x00818c4c        0x0 c:/software/altera/10.1/nios2eds/bin/gnu/h-i686-mingw32/bin/../lib/gcc/nios2-elf/4.1.2/../../../../nios2-elf/lib/mno-hw-mul\libc.a(lib_a-refill.o)
 .bss           0x00818c4c        0x0 c:/software/altera/10.1/nios2eds/bin/gnu/h-i686-mingw32/bin/../lib/gcc/nios2-elf/4.1.2/../../../../nios2-elf/lib/mno-hw-mul\libc.a(lib_a-rget.o)
 .bss           0x00818c4c        0x0 c:/software/altera/10.1/nios2eds/bin/gnu/h-i686-mingw32/bin/../lib/gcc/nios2-elf/4.1.2/../../../../nios2-elf/lib/mno-hw-mul\libc.a(lib_a-sbrkr.o)
 .bss           0x00818c4c        0x0 c:/software/altera/10.1/nios2eds/bin/gnu/h-i686-mingw32/bin/../lib/gcc/nios2-elf/4.1.2/../../../../nios2-elf/lib/mno-hw-mul\libc.a(lib_a-sscanf.o)
 .bss           0x00818c4c        0x0 c:/software/altera/10.1/nios2eds/bin/gnu/h-i686-mingw32/bin/../lib/gcc/nios2-elf/4.1.2/../../../../nios2-elf/lib/mno-hw-mul\libc.a(lib_a-stdio.o)
 .bss           0x00818c4c        0x0 c:/software/altera/10.1/nios2eds/bin/gnu/h-i686-mingw32/bin/../lib/gcc/nios2-elf/4.1.2/../../../../nios2-elf/lib/mno-hw-mul\libc.a(lib_a-strlen.o)
 .bss           0x00818c4c        0x0 c:/software/altera/10.1/nios2eds/bin/gnu/h-i686-mingw32/bin/../lib/gcc/nios2-elf/4.1.2/../../../../nios2-elf/lib/mno-hw-mul\libc.a(lib_a-vfprintf.o)
 .bss           0x00818c4c        0x0 c:/software/altera/10.1/nios2eds/bin/gnu/h-i686-mingw32/bin/../lib/gcc/nios2-elf/4.1.2/../../../../nios2-elf/lib/mno-hw-mul\libc.a(lib_a-vfscanf.o)
 .bss           0x00818c4c        0x0 c:/software/altera/10.1/nios2eds/bin/gnu/h-i686-mingw32/bin/../lib/gcc/nios2-elf/4.1.2/../../../../nios2-elf/lib/mno-hw-mul\libc.a(lib_a-writer.o)
 .bss           0x00818c4c        0x0 c:/software/altera/10.1/nios2eds/bin/gnu/h-i686-mingw32/bin/../lib/gcc/nios2-elf/4.1.2/../../../../nios2-elf/lib/mno-hw-mul\libc.a(lib_a-wsetup.o)
 .bss           0x00818c4c        0x0 c:/software/altera/10.1/nios2eds/bin/gnu/h-i686-mingw32/bin/../lib/gcc/nios2-elf/4.1.2/../../../../nios2-elf/lib/mno-hw-mul\libc.a(lib_a-closer.o)
 .bss           0x00818c4c        0x0 c:/software/altera/10.1/nios2eds/bin/gnu/h-i686-mingw32/bin/../lib/gcc/nios2-elf/4.1.2/../../../../nios2-elf/lib/mno-hw-mul\libc.a(lib_a-ctype_.o)
 .bss           0x00818c4c        0x0 c:/software/altera/10.1/nios2eds/bin/gnu/h-i686-mingw32/bin/../lib/gcc/nios2-elf/4.1.2/../../../../nios2-elf/lib/mno-hw-mul\libc.a(lib_a-dtoa.o)
 .bss           0x00818c4c        0x0 c:/software/altera/10.1/nios2eds/bin/gnu/h-i686-mingw32/bin/../lib/gcc/nios2-elf/4.1.2/../../../../nios2-elf/lib/mno-hw-mul\libc.a(lib_a-flags.o)
 .bss           0x00818c4c        0x0 c:/software/altera/10.1/nios2eds/bin/gnu/h-i686-mingw32/bin/../lib/gcc/nios2-elf/4.1.2/../../../../nios2-elf/lib/mno-hw-mul\libc.a(lib_a-fread.o)
 .bss           0x00818c4c        0x0 c:/software/altera/10.1/nios2eds/bin/gnu/h-i686-mingw32/bin/../lib/gcc/nios2-elf/4.1.2/../../../../nios2-elf/lib/mno-hw-mul\libc.a(lib_a-fvwrite.o)
 .bss           0x00818c4c        0x0 c:/software/altera/10.1/nios2eds/bin/gnu/h-i686-mingw32/bin/../lib/gcc/nios2-elf/4.1.2/../../../../nios2-elf/lib/mno-hw-mul\libc.a(lib_a-isattyr.o)
 .bss           0x00818c4c        0x0 c:/software/altera/10.1/nios2eds/bin/gnu/h-i686-mingw32/bin/../lib/gcc/nios2-elf/4.1.2/../../../../nios2-elf/lib/mno-hw-mul\libc.a(lib_a-iswspace.o)
 .bss           0x00818c4c        0x0 c:/software/altera/10.1/nios2eds/bin/gnu/h-i686-mingw32/bin/../lib/gcc/nios2-elf/4.1.2/../../../../nios2-elf/lib/mno-hw-mul\libc.a(lib_a-locale.o)
 .bss           0x00818c4c        0x0 c:/software/altera/10.1/nios2eds/bin/gnu/h-i686-mingw32/bin/../lib/gcc/nios2-elf/4.1.2/../../../../nios2-elf/lib/mno-hw-mul\libc.a(lib_a-lseekr.o)
 .bss           0x00818c4c        0x0 c:/software/altera/10.1/nios2eds/bin/gnu/h-i686-mingw32/bin/../lib/gcc/nios2-elf/4.1.2/../../../../nios2-elf/lib/mno-hw-mul\libc.a(lib_a-mbrtowc.o)
 .bss           0x00818c4c        0x0 c:/software/altera/10.1/nios2eds/bin/gnu/h-i686-mingw32/bin/../lib/gcc/nios2-elf/4.1.2/../../../../nios2-elf/lib/mno-hw-mul\libc.a(lib_a-mbtowc_r.o)
 .bss           0x00818c4c        0x0 c:/software/altera/10.1/nios2eds/bin/gnu/h-i686-mingw32/bin/../lib/gcc/nios2-elf/4.1.2/../../../../nios2-elf/lib/mno-hw-mul\libc.a(lib_a-memchr.o)
 .bss           0x00818c4c        0x0 c:/software/altera/10.1/nios2eds/bin/gnu/h-i686-mingw32/bin/../lib/gcc/nios2-elf/4.1.2/../../../../nios2-elf/lib/mno-hw-mul\libc.a(lib_a-memcpy.o)
 .bss           0x00818c4c        0x0 c:/software/altera/10.1/nios2eds/bin/gnu/h-i686-mingw32/bin/../lib/gcc/nios2-elf/4.1.2/../../../../nios2-elf/lib/mno-hw-mul\libc.a(lib_a-memmove.o)
 .bss           0x00818c4c        0x0 c:/software/altera/10.1/nios2eds/bin/gnu/h-i686-mingw32/bin/../lib/gcc/nios2-elf/4.1.2/../../../../nios2-elf/lib/mno-hw-mul\libc.a(lib_a-mprec.o)
 .bss           0x00818c4c        0x0 c:/software/altera/10.1/nios2eds/bin/gnu/h-i686-mingw32/bin/../lib/gcc/nios2-elf/4.1.2/../../../../nios2-elf/lib/mno-hw-mul\libc.a(lib_a-readr.o)
 .bss           0x00818c4c        0x0 c:/software/altera/10.1/nios2eds/bin/gnu/h-i686-mingw32/bin/../lib/gcc/nios2-elf/4.1.2/../../../../nios2-elf/lib/mno-hw-mul\libc.a(lib_a-reallocr.o)
 .bss           0x00818c4c        0x0 c:/software/altera/10.1/nios2eds/bin/gnu/h-i686-mingw32/bin/../lib/gcc/nios2-elf/4.1.2/../../../../nios2-elf/lib/mno-hw-mul\libc.a(lib_a-s_isinfd.o)
 .bss           0x00818c4c        0x0 c:/software/altera/10.1/nios2eds/bin/gnu/h-i686-mingw32/bin/../lib/gcc/nios2-elf/4.1.2/../../../../nios2-elf/lib/mno-hw-mul\libc.a(lib_a-s_isnand.o)
 .bss           0x00818c4c        0x0 c:/software/altera/10.1/nios2eds/bin/gnu/h-i686-mingw32/bin/../lib/gcc/nios2-elf/4.1.2/../../../../nios2-elf/lib/mno-hw-mul\libc.a(lib_a-sccl.o)
 .bss           0x00818c4c        0x0 c:/software/altera/10.1/nios2eds/bin/gnu/h-i686-mingw32/bin/../lib/gcc/nios2-elf/4.1.2/../../../../nios2-elf/lib/mno-hw-mul\libc.a(lib_a-sf_nan.o)
 .bss           0x00818c4c        0x0 c:/software/altera/10.1/nios2eds/bin/gnu/h-i686-mingw32/bin/../lib/gcc/nios2-elf/4.1.2/../../../../nios2-elf/lib/mno-hw-mul\libc.a(lib_a-sprintf.o)
 .bss           0x00818c4c        0x0 c:/software/altera/10.1/nios2eds/bin/gnu/h-i686-mingw32/bin/../lib/gcc/nios2-elf/4.1.2/../../../../nios2-elf/lib/mno-hw-mul\libc.a(lib_a-strcmp.o)
 .bss           0x00818c4c        0x0 c:/software/altera/10.1/nios2eds/bin/gnu/h-i686-mingw32/bin/../lib/gcc/nios2-elf/4.1.2/../../../../nios2-elf/lib/mno-hw-mul\libc.a(lib_a-strtod.o)
 .bss           0x00818c4c        0x0 c:/software/altera/10.1/nios2eds/bin/gnu/h-i686-mingw32/bin/../lib/gcc/nios2-elf/4.1.2/../../../../nios2-elf/lib/mno-hw-mul\libc.a(lib_a-strtol.o)
 .bss           0x00818c4c        0x0 c:/software/altera/10.1/nios2eds/bin/gnu/h-i686-mingw32/bin/../lib/gcc/nios2-elf/4.1.2/../../../../nios2-elf/lib/mno-hw-mul\libc.a(lib_a-strtoll_r.o)
 .bss           0x00818c4c        0x0 c:/software/altera/10.1/nios2eds/bin/gnu/h-i686-mingw32/bin/../lib/gcc/nios2-elf/4.1.2/../../../../nios2-elf/lib/mno-hw-mul\libc.a(lib_a-strtoul.o)
 .bss           0x00818c4c        0x0 c:/software/altera/10.1/nios2eds/bin/gnu/h-i686-mingw32/bin/../lib/gcc/nios2-elf/4.1.2/../../../../nios2-elf/lib/mno-hw-mul\libc.a(lib_a-strtoull_r.o)
 .bss           0x00818c4c        0x0 c:/software/altera/10.1/nios2eds/bin/gnu/h-i686-mingw32/bin/../lib/gcc/nios2-elf/4.1.2/../../../../nios2-elf/lib/mno-hw-mul\libc.a(lib_a-ungetc.o)
 .bss           0x00818c4c        0x0 c:/software/altera/10.1/nios2eds/bin/gnu/h-i686-mingw32/bin/../lib/gcc/nios2-elf/4.1.2/../../../../nios2-elf/lib/mno-hw-mul\libc.a(lib_a-callocr.o)
 .bss           0x00818c4c        0x0 c:/software/altera/10.1/nios2eds/bin/gnu/h-i686-mingw32/bin/../lib/gcc/nios2-elf/4.1.2/../../../../nios2-elf/lib/mno-hw-mul\libc.a(lib_a-gdtoa-gethex.o)
 .bss           0x00818c4c        0x0 c:/software/altera/10.1/nios2eds/bin/gnu/h-i686-mingw32/bin/../lib/gcc/nios2-elf/4.1.2/../../../../nios2-elf/lib/mno-hw-mul\libc.a(lib_a-gdtoa-hexnan.o)
 .bss           0x00818c4c        0x0 c:/software/altera/10.1/nios2eds/bin/gnu/h-i686-mingw32/bin/../lib/gcc/nios2-elf/4.1.2/mno-hw-mul\libgcc.a(_muldi3.o)
 .bss           0x00818c4c        0x0 c:/software/altera/10.1/nios2eds/bin/gnu/h-i686-mingw32/bin/../lib/gcc/nios2-elf/4.1.2/mno-hw-mul\libgcc.a(_fixunsdfsi.o)
 .bss           0x00818c4c        0x0 c:/software/altera/10.1/nios2eds/bin/gnu/h-i686-mingw32/bin/../lib/gcc/nios2-elf/4.1.2/mno-hw-mul\libgcc.a(_udivdi3.o)
 .bss           0x00818c4c        0x0 c:/software/altera/10.1/nios2eds/bin/gnu/h-i686-mingw32/bin/../lib/gcc/nios2-elf/4.1.2/mno-hw-mul\libgcc.a(_umoddi3.o)
 .bss           0x00818c4c        0x0 c:/software/altera/10.1/nios2eds/bin/gnu/h-i686-mingw32/bin/../lib/gcc/nios2-elf/4.1.2/mno-hw-mul\libgcc.a(_ne_sf.o)
 .bss           0x00818c4c        0x0 c:/software/altera/10.1/nios2eds/bin/gnu/h-i686-mingw32/bin/../lib/gcc/nios2-elf/4.1.2/mno-hw-mul\libgcc.a(_gt_sf.o)
 .bss           0x00818c4c        0x0 c:/software/altera/10.1/nios2eds/bin/gnu/h-i686-mingw32/bin/../lib/gcc/nios2-elf/4.1.2/mno-hw-mul\libgcc.a(_lt_sf.o)
 .bss           0x00818c4c        0x0 c:/software/altera/10.1/nios2eds/bin/gnu/h-i686-mingw32/bin/../lib/gcc/nios2-elf/4.1.2/mno-hw-mul\libgcc.a(_addsub_df.o)
 .bss           0x00818c4c        0x0 c:/software/altera/10.1/nios2eds/bin/gnu/h-i686-mingw32/bin/../lib/gcc/nios2-elf/4.1.2/mno-hw-mul\libgcc.a(_mul_df.o)
 .bss           0x00818c4c        0x0 c:/software/altera/10.1/nios2eds/bin/gnu/h-i686-mingw32/bin/../lib/gcc/nios2-elf/4.1.2/mno-hw-mul\libgcc.a(_div_df.o)
 .bss           0x00818c4c        0x0 c:/software/altera/10.1/nios2eds/bin/gnu/h-i686-mingw32/bin/../lib/gcc/nios2-elf/4.1.2/mno-hw-mul\libgcc.a(_eq_df.o)
 .bss           0x00818c4c        0x0 c:/software/altera/10.1/nios2eds/bin/gnu/h-i686-mingw32/bin/../lib/gcc/nios2-elf/4.1.2/mno-hw-mul\libgcc.a(_ne_df.o)
 .bss           0x00818c4c        0x0 c:/software/altera/10.1/nios2eds/bin/gnu/h-i686-mingw32/bin/../lib/gcc/nios2-elf/4.1.2/mno-hw-mul\libgcc.a(_gt_df.o)
 .bss           0x00818c4c        0x0 c:/software/altera/10.1/nios2eds/bin/gnu/h-i686-mingw32/bin/../lib/gcc/nios2-elf/4.1.2/mno-hw-mul\libgcc.a(_ge_df.o)
 .bss           0x00818c4c        0x0 c:/software/altera/10.1/nios2eds/bin/gnu/h-i686-mingw32/bin/../lib/gcc/nios2-elf/4.1.2/mno-hw-mul\libgcc.a(_lt_df.o)
 .bss           0x00818c4c        0x0 c:/software/altera/10.1/nios2eds/bin/gnu/h-i686-mingw32/bin/../lib/gcc/nios2-elf/4.1.2/mno-hw-mul\libgcc.a(_le_df.o)
 .bss           0x00818c4c        0x0 c:/software/altera/10.1/nios2eds/bin/gnu/h-i686-mingw32/bin/../lib/gcc/nios2-elf/4.1.2/mno-hw-mul\libgcc.a(_si_to_df.o)
 .bss           0x00818c4c        0x0 c:/software/altera/10.1/nios2eds/bin/gnu/h-i686-mingw32/bin/../lib/gcc/nios2-elf/4.1.2/mno-hw-mul\libgcc.a(_df_to_si.o)
 .bss           0x00818c4c        0x0 c:/software/altera/10.1/nios2eds/bin/gnu/h-i686-mingw32/bin/../lib/gcc/nios2-elf/4.1.2/mno-hw-mul\libgcc.a(_df_to_sf.o)
 .bss           0x00818c4c        0x0 c:/software/altera/10.1/nios2eds/bin/gnu/h-i686-mingw32/bin/../lib/gcc/nios2-elf/4.1.2/mno-hw-mul\libgcc.a(_thenan_df.o)
 .bss           0x00818c4c        0x0 c:/software/altera/10.1/nios2eds/bin/gnu/h-i686-mingw32/bin/../lib/gcc/nios2-elf/4.1.2/mno-hw-mul\libgcc.a(_usi_to_df.o)
 .bss           0x00818c4c        0x0 c:/software/altera/10.1/nios2eds/bin/gnu/h-i686-mingw32/bin/../lib/gcc/nios2-elf/4.1.2/mno-hw-mul\libgcc.a(_clz.o)
 .bss           0x00818c4c        0x0 c:/software/altera/10.1/nios2eds/bin/gnu/h-i686-mingw32/bin/../lib/gcc/nios2-elf/4.1.2/mno-hw-mul\libgcc.a(_clzsi2.o)
 .bss           0x00818c4c        0x0 c:/software/altera/10.1/nios2eds/bin/gnu/h-i686-mingw32/bin/../lib/gcc/nios2-elf/4.1.2/mno-hw-mul\libgcc.a(_unpack_sf.o)
 .bss           0x00818c4c        0x0 c:/software/altera/10.1/nios2eds/bin/gnu/h-i686-mingw32/bin/../lib/gcc/nios2-elf/4.1.2/mno-hw-mul\libgcc.a(_fpcmp_parts_sf.o)
 .bss           0x00818c4c        0x0 c:/software/altera/10.1/nios2eds/bin/gnu/h-i686-mingw32/bin/../lib/gcc/nios2-elf/4.1.2/mno-hw-mul\libgcc.a(_make_sf.o)
 .bss           0x00818c4c        0x0 c:/software/altera/10.1/nios2eds/bin/gnu/h-i686-mingw32/bin/../lib/gcc/nios2-elf/4.1.2/mno-hw-mul\libgcc.a(_pack_df.o)
 .bss           0x00818c4c        0x0 c:/software/altera/10.1/nios2eds/bin/gnu/h-i686-mingw32/bin/../lib/gcc/nios2-elf/4.1.2/mno-hw-mul\libgcc.a(_unpack_df.o)
 .bss           0x00818c4c        0x0 c:/software/altera/10.1/nios2eds/bin/gnu/h-i686-mingw32/bin/../lib/gcc/nios2-elf/4.1.2/mno-hw-mul\libgcc.a(_fpcmp_parts_df.o)
 .bss           0x00818c4c        0x0 c:/software/altera/10.1/nios2eds/bin/gnu/h-i686-mingw32/bin/../lib/gcc/nios2-elf/4.1.2/mno-hw-mul\libgcc.a(_pack_sf.o)
 .bss           0x00818c4c        0x0 ../lab1_bsp\libhal_bsp.a(alt_close.o)
 .bss           0x00818c4c        0x0 ../lab1_bsp\libhal_bsp.a(alt_dev.o)
 .bss           0x00818c4c        0x0 ../lab1_bsp\libhal_bsp.a(alt_errno.o)
 .bss           0x00818c4c        0x0 ../lab1_bsp\libhal_bsp.a(alt_fstat.o)
 .bss           0x00818c4c        0x0 ../lab1_bsp\libhal_bsp.a(alt_iic.o)
 .bss           0x00818c4c        0x0 ../lab1_bsp\libhal_bsp.a(alt_iic_isr_register.o)
 .bss           0x00818c4c        0x0 ../lab1_bsp\libhal_bsp.a(alt_irq_entry.o)
 .bss           0x00818c4c        0x0 ../lab1_bsp\libhal_bsp.a(alt_irq_handler.o)
 .bss           0x00818c4c        0x0 ../lab1_bsp\libhal_bsp.a(alt_irq_register.o)
 .bss           0x00818c4c        0x0 ../lab1_bsp\libhal_bsp.a(alt_irq_vars.o)
 .bss           0x00818c4c        0x0 ../lab1_bsp\libhal_bsp.a(alt_isatty.o)
 .bss           0x00818c4c        0x0 ../lab1_bsp\libhal_bsp.a(alt_load.o)
 .bss           0x00818c4c        0x0 ../lab1_bsp\libhal_bsp.a(alt_lseek.o)
 .bss           0x00818c4c        0x0 ../lab1_bsp\libhal_bsp.a(alt_main.o)
 .bss           0x00818c4c        0x0 ../lab1_bsp\libhal_bsp.a(alt_malloc_lock.o)
 .bss           0x00818c4c        0x0 ../lab1_bsp\libhal_bsp.a(alt_open.o)
 .bss           0x00818c4c        0x0 ../lab1_bsp\libhal_bsp.a(alt_read.o)
 .bss           0x00818c4c        0x0 ../lab1_bsp\libhal_bsp.a(alt_release_fd.o)
 .bss           0x00818c4c        0x0 ../lab1_bsp\libhal_bsp.a(alt_sbrk.o)
 .bss           0x00818c4c        0x0 ../lab1_bsp\libhal_bsp.a(alt_usleep.o)
 .bss           0x00818c4c        0x0 ../lab1_bsp\libhal_bsp.a(alt_write.o)
 .bss           0x00818c4c        0x0 ../lab1_bsp\libhal_bsp.a(alt_sys_init.o)
 .bss           0x00818c4c        0x0 ../lab1_bsp\libhal_bsp.a(altera_avalon_jtag_uart_fd.o)
 .bss           0x00818c4c        0x0 ../lab1_bsp\libhal_bsp.a(altera_avalon_jtag_uart_init.o)
 .bss           0x00818c4c        0x0 ../lab1_bsp\libhal_bsp.a(altera_avalon_jtag_uart_ioctl.o)
 .bss           0x00818c4c        0x0 ../lab1_bsp\libhal_bsp.a(altera_avalon_jtag_uart_read.o)
 .bss           0x00818c4c        0x0 ../lab1_bsp\libhal_bsp.a(altera_avalon_jtag_uart_write.o)
 .bss           0x00818c4c        0x0 ../lab1_bsp\libhal_bsp.a(altera_avalon_lcd_16207.o)
 .bss           0x00818c4c        0x0 ../lab1_bsp\libhal_bsp.a(altera_avalon_lcd_16207_fd.o)
 .bss           0x00818c4c        0x0 ../lab1_bsp\libhal_bsp.a(altera_avalon_timer_sc.o)
 .bss           0x00818c4c        0x0 ../lab1_bsp\libhal_bsp.a(alt_alarm_start.o)
 .bss           0x00818c4c        0x0 ../lab1_bsp\libhal_bsp.a(alt_busy_sleep.o)
 .bss           0x00818c4c        0x0 ../lab1_bsp\libhal_bsp.a(alt_dcache_flush_all.o)
 .bss           0x00818c4c        0x0 ../lab1_bsp\libhal_bsp.a(alt_dev_llist_insert.o)
 .bss           0x00818c4c        0x0 ../lab1_bsp\libhal_bsp.a(alt_do_ctors.o)
 .bss           0x00818c4c        0x0 ../lab1_bsp\libhal_bsp.a(alt_do_dtors.o)
 .bss           0x00818c4c        0x0 ../lab1_bsp\libhal_bsp.a(alt_exception_entry.o)
 .bss           0x00818c4c        0x0 ../lab1_bsp\libhal_bsp.a(alt_find_dev.o)
 .bss           0x00818c4c        0x0 ../lab1_bsp\libhal_bsp.a(alt_find_file.o)
 .bss           0x00818c4c        0x0 ../lab1_bsp\libhal_bsp.a(alt_get_fd.o)
 .bss           0x00818c4c        0x0 ../lab1_bsp\libhal_bsp.a(alt_icache_flush_all.o)
 .bss           0x00818c4c        0x0 ../lab1_bsp\libhal_bsp.a(alt_io_redirect.o)
 .bss           0x00818c4c        0x0 ../lab1_bsp\libhal_bsp.a(alt_tick.o)
 .bss           0x00818c4c        0x0 ../lab1_bsp\libhal_bsp.a(altera_nios2_irq.o)
 .bss           0x00818c4c        0x0 ../lab1_bsp\libhal_bsp.a(alt_icache_flush.o)
 .bss           0x00818c4c        0x0 c:/software/altera/10.1/nios2eds/bin/gnu/h-i686-mingw32/bin/../lib/gcc/nios2-elf/4.1.2/../../../../nios2-elf/lib/mno-hw-mul\libc.a(lib_a-atexit.o)
 .bss           0x00818c4c        0x0 c:/software/altera/10.1/nios2eds/bin/gnu/h-i686-mingw32/bin/../lib/gcc/nios2-elf/4.1.2/../../../../nios2-elf/lib/mno-hw-mul\libc.a(lib_a-exit.o)
 .bss           0x00818c4c        0x0 c:/software/altera/10.1/nios2eds/bin/gnu/h-i686-mingw32/bin/../lib/gcc/nios2-elf/4.1.2/../../../../nios2-elf/lib/mno-hw-mul\libc.a(lib_a-memcmp.o)
 .bss           0x00818c4c        0x0 c:/software/altera/10.1/nios2eds/bin/gnu/h-i686-mingw32/bin/../lib/gcc/nios2-elf/4.1.2/../../../../nios2-elf/lib/mno-hw-mul\libc.a(lib_a-__atexit.o)
 .bss           0x00818c4c        0x0 c:/software/altera/10.1/nios2eds/bin/gnu/h-i686-mingw32/bin/../lib/gcc/nios2-elf/4.1.2/../../../../nios2-elf/lib/mno-hw-mul\libc.a(lib_a-__call_atexit.o)
 .bss           0x00818c4c        0x0 ../lab1_bsp\libhal_bsp.a(alt_exit.o)
 *(COMMON)